Archive member included to satisfy reference by file (symbol)

/home/daniil/.eclipse/com.st.stm32cube.ide.mcu.rcp.product_1.5.1_1935173079_linux_gtk_x86_64/plugins/com.st.stm32cube.ide.mcu.externaltools.gnu-tools-for-stm32.9-2020-q2-update.linux64_1.5.0.202011040924/tools/bin/../lib/gcc/arm-none-eabi/9.3.1/../../../../arm-none-eabi/lib/thumb/v7e-m+fp/hard/libc_nano.a(lib_a-errno.o)
                              Core/Src/syscalls.o (__errno)
/home/daniil/.eclipse/com.st.stm32cube.ide.mcu.rcp.product_1.5.1_1935173079_linux_gtk_x86_64/plugins/com.st.stm32cube.ide.mcu.externaltools.gnu-tools-for-stm32.9-2020-q2-update.linux64_1.5.0.202011040924/tools/bin/../lib/gcc/arm-none-eabi/9.3.1/../../../../arm-none-eabi/lib/thumb/v7e-m+fp/hard/libc_nano.a(lib_a-exit.o)
                              /home/daniil/.eclipse/com.st.stm32cube.ide.mcu.rcp.product_1.5.1_1935173079_linux_gtk_x86_64/plugins/com.st.stm32cube.ide.mcu.externaltools.gnu-tools-for-stm32.9-2020-q2-update.linux64_1.5.0.202011040924/tools/bin/../lib/gcc/arm-none-eabi/9.3.1/../../../../arm-none-eabi/lib/thumb/v7e-m+fp/hard/crt0.o (exit)
/home/daniil/.eclipse/com.st.stm32cube.ide.mcu.rcp.product_1.5.1_1935173079_linux_gtk_x86_64/plugins/com.st.stm32cube.ide.mcu.externaltools.gnu-tools-for-stm32.9-2020-q2-update.linux64_1.5.0.202011040924/tools/bin/../lib/gcc/arm-none-eabi/9.3.1/../../../../arm-none-eabi/lib/thumb/v7e-m+fp/hard/libc_nano.a(lib_a-impure.o)
                              /home/daniil/.eclipse/com.st.stm32cube.ide.mcu.rcp.product_1.5.1_1935173079_linux_gtk_x86_64/plugins/com.st.stm32cube.ide.mcu.externaltools.gnu-tools-for-stm32.9-2020-q2-update.linux64_1.5.0.202011040924/tools/bin/../lib/gcc/arm-none-eabi/9.3.1/../../../../arm-none-eabi/lib/thumb/v7e-m+fp/hard/libc_nano.a(lib_a-exit.o) (_global_impure_ptr)
/home/daniil/.eclipse/com.st.stm32cube.ide.mcu.rcp.product_1.5.1_1935173079_linux_gtk_x86_64/plugins/com.st.stm32cube.ide.mcu.externaltools.gnu-tools-for-stm32.9-2020-q2-update.linux64_1.5.0.202011040924/tools/bin/../lib/gcc/arm-none-eabi/9.3.1/../../../../arm-none-eabi/lib/thumb/v7e-m+fp/hard/libc_nano.a(lib_a-init.o)
                              /home/daniil/.eclipse/com.st.stm32cube.ide.mcu.rcp.product_1.5.1_1935173079_linux_gtk_x86_64/plugins/com.st.stm32cube.ide.mcu.externaltools.gnu-tools-for-stm32.9-2020-q2-update.linux64_1.5.0.202011040924/tools/bin/../lib/gcc/arm-none-eabi/9.3.1/../../../../arm-none-eabi/lib/thumb/v7e-m+fp/hard/crt0.o (__libc_init_array)
/home/daniil/.eclipse/com.st.stm32cube.ide.mcu.rcp.product_1.5.1_1935173079_linux_gtk_x86_64/plugins/com.st.stm32cube.ide.mcu.externaltools.gnu-tools-for-stm32.9-2020-q2-update.linux64_1.5.0.202011040924/tools/bin/../lib/gcc/arm-none-eabi/9.3.1/../../../../arm-none-eabi/lib/thumb/v7e-m+fp/hard/libc_nano.a(lib_a-memset.o)
                              /home/daniil/.eclipse/com.st.stm32cube.ide.mcu.rcp.product_1.5.1_1935173079_linux_gtk_x86_64/plugins/com.st.stm32cube.ide.mcu.externaltools.gnu-tools-for-stm32.9-2020-q2-update.linux64_1.5.0.202011040924/tools/bin/../lib/gcc/arm-none-eabi/9.3.1/../../../../arm-none-eabi/lib/thumb/v7e-m+fp/hard/crt0.o (memset)
/home/daniil/.eclipse/com.st.stm32cube.ide.mcu.rcp.product_1.5.1_1935173079_linux_gtk_x86_64/plugins/com.st.stm32cube.ide.mcu.externaltools.gnu-tools-for-stm32.9-2020-q2-update.linux64_1.5.0.202011040924/tools/bin/../lib/gcc/arm-none-eabi/9.3.1/../../../../arm-none-eabi/lib/thumb/v7e-m+fp/hard/libc_nano.a(lib_a-sprintf.o)
                              Core/Src/main.o (sprintf)
/home/daniil/.eclipse/com.st.stm32cube.ide.mcu.rcp.product_1.5.1_1935173079_linux_gtk_x86_64/plugins/com.st.stm32cube.ide.mcu.externaltools.gnu-tools-for-stm32.9-2020-q2-update.linux64_1.5.0.202011040924/tools/bin/../lib/gcc/arm-none-eabi/9.3.1/../../../../arm-none-eabi/lib/thumb/v7e-m+fp/hard/libc_nano.a(lib_a-nano-svfprintf.o)
                              /home/daniil/.eclipse/com.st.stm32cube.ide.mcu.rcp.product_1.5.1_1935173079_linux_gtk_x86_64/plugins/com.st.stm32cube.ide.mcu.externaltools.gnu-tools-for-stm32.9-2020-q2-update.linux64_1.5.0.202011040924/tools/bin/../lib/gcc/arm-none-eabi/9.3.1/../../../../arm-none-eabi/lib/thumb/v7e-m+fp/hard/libc_nano.a(lib_a-sprintf.o) (_svfprintf_r)
/home/daniil/.eclipse/com.st.stm32cube.ide.mcu.rcp.product_1.5.1_1935173079_linux_gtk_x86_64/plugins/com.st.stm32cube.ide.mcu.externaltools.gnu-tools-for-stm32.9-2020-q2-update.linux64_1.5.0.202011040924/tools/bin/../lib/gcc/arm-none-eabi/9.3.1/../../../../arm-none-eabi/lib/thumb/v7e-m+fp/hard/libc_nano.a(lib_a-nano-vfprintf_i.o)
                              /home/daniil/.eclipse/com.st.stm32cube.ide.mcu.rcp.product_1.5.1_1935173079_linux_gtk_x86_64/plugins/com.st.stm32cube.ide.mcu.externaltools.gnu-tools-for-stm32.9-2020-q2-update.linux64_1.5.0.202011040924/tools/bin/../lib/gcc/arm-none-eabi/9.3.1/../../../../arm-none-eabi/lib/thumb/v7e-m+fp/hard/libc_nano.a(lib_a-nano-svfprintf.o) (_printf_i)
[...]
Memory Configuration

Name             Origin             Length             Attributes
RAM              0x0000000020000000 0x0000000000018000 xrw
FLASH            0x0000000008000000 0x0000000000080000 xr
*default*        0x0000000000000000 0xffffffffffffffff

Linker script and memory map

LOAD /home/daniil/.eclipse/com.st.stm32cube.ide.mcu.rcp.product_1.5.1_1935173079_linux_gtk_x86_64/plugins/com.st.stm32cube.ide.mcu.externaltools.gnu-tools-for-stm32.9-2020-q2-update.linux64_1.5.0.202011040924/tools/bin/../lib/gcc/arm-none-eabi/9.3.1/thumb/v7e-m+fp/hard/crti.o
LOAD /home/daniil/.eclipse/com.st.stm32cube.ide.mcu.rcp.product_1.5.1_1935173079_linux_gtk_x86_64/plugins/com.st.stm32cube.ide.mcu.externaltools.gnu-tools-for-stm32.9-2020-q2-update.linux64_1.5.0.202011040924/tools/bin/../lib/gcc/arm-none-eabi/9.3.1/thumb/v7e-m+fp/hard/crtbegin.o
LOAD /home/daniil/.eclipse/com.st.stm32cube.ide.mcu.rcp.product_1.5.1_1935173079_linux_gtk_x86_64/plugins/com.st.stm32cube.ide.mcu.externaltools.gnu-tools-for-stm32.9-2020-q2-update.linux64_1.5.0.202011040924/tools/bin/../lib/gcc/arm-none-eabi/9.3.1/../../../../arm-none-eabi/lib/thumb/v7e-m+fp/hard/crt0.o
LOAD Core/Src/main.o
LOAD Core/Src/stm32f4xx_hal_msp.o
LOAD Core/Src/stm32f4xx_it.o
LOAD Core/Src/syscalls.o
LOAD Core/Src/sysmem.o
LOAD Core/Src/system_stm32f4xx.o
LOAD Core/Startup/startup_stm32f401retx.o
LOAD Drivers/STM32F4xx_HAL_Driver/Src/stm32f4xx_hal.o
LOAD Drivers/STM32F4xx_HAL_Driver/Src/stm32f4xx_hal_cortex.o
LOAD Drivers/STM32F4xx_HAL_Driver/Src/stm32f4xx_hal_dma.o
LOAD Drivers/STM32F4xx_HAL_Driver/Src/stm32f4xx_hal_dma_ex.o
LOAD Drivers/STM32F4xx_HAL_Driver/Src/stm32f4xx_hal_exti.o
LOAD Drivers/STM32F4xx_HAL_Driver/Src/stm32f4xx_hal_flash.o
LOAD Drivers/STM32F4xx_HAL_Driver/Src/stm32f4xx_hal_flash_ex.o
LOAD Drivers/STM32F4xx_HAL_Driver/Src/stm32f4xx_hal_flash_ramfunc.o
LOAD Drivers/STM32F4xx_HAL_Driver/Src/stm32f4xx_hal_gpio.o
LOAD Drivers/STM32F4xx_HAL_Driver/Src/stm32f4xx_hal_pwr.o
LOAD Drivers/STM32F4xx_HAL_Driver/Src/stm32f4xx_hal_pwr_ex.o
LOAD Drivers/STM32F4xx_HAL_Driver/Src/stm32f4xx_hal_rcc.o
LOAD Drivers/STM32F4xx_HAL_Driver/Src/stm32f4xx_hal_rcc_ex.o
LOAD Drivers/STM32F4xx_HAL_Driver/Src/stm32f4xx_hal_tim.o
LOAD Drivers/STM32F4xx_HAL_Driver/Src/stm32f4xx_hal_tim_ex.o
LOAD Drivers/STM32F4xx_HAL_Driver/Src/stm32f4xx_hal_uart.o
START GROUP
LOAD /home/daniil/.eclipse/com.st.stm32cube.ide.mcu.rcp.product_1.5.1_1935173079_linux_gtk_x86_64/plugins/com.st.stm32cube.ide.mcu.externaltools.gnu-tools-for-stm32.9-2020-q2-update.linux64_1.5.0.202011040924/tools/bin/../lib/gcc/arm-none-eabi/9.3.1/../../../../arm-none-eabi/lib/thumb/v7e-m+fp/hard/libc_nano.a
LOAD /home/daniil/.eclipse/com.st.stm32cube.ide.mcu.rcp.product_1.5.1_1935173079_linux_gtk_x86_64/plugins/com.st.stm32cube.ide.mcu.externaltools.gnu-tools-for-stm32.9-2020-q2-update.linux64_1.5.0.202011040924/tools/bin/../lib/gcc/arm-none-eabi/9.3.1/../../../../arm-none-eabi/lib/thumb/v7e-m+fp/hard/libm.a
END GROUP
START GROUP
LOAD /home/daniil/.eclipse/com.st.stm32cube.ide.mcu.rcp.product_1.5.1_1935173079_linux_gtk_x86_64/plugins/com.st.stm32cube.ide.mcu.externaltools.gnu-tools-for-stm32.9-2020-q2-update.linux64_1.5.0.202011040924/tools/bin/../lib/gcc/arm-none-eabi/9.3.1/thumb/v7e-m+fp/hard/libgcc.a
LOAD /home/daniil/.eclipse/com.st.stm32cube.ide.mcu.rcp.product_1.5.1_1935173079_linux_gtk_x86_64/plugins/com.st.stm32cube.ide.mcu.externaltools.gnu-tools-for-stm32.9-2020-q2-update.linux64_1.5.0.202011040924/tools/bin/../lib/gcc/arm-none-eabi/9.3.1/../../../../arm-none-eabi/lib/thumb/v7e-m+fp/hard/libc_nano.a
END GROUP
START GROUP
LOAD /home/daniil/.eclipse/com.st.stm32cube.ide.mcu.rcp.product_1.5.1_1935173079_linux_gtk_x86_64/plugins/com.st.stm32cube.ide.mcu.externaltools.gnu-tools-for-stm32.9-2020-q2-update.linux64_1.5.0.202011040924/tools/bin/../lib/gcc/arm-none-eabi/9.3.1/thumb/v7e-m+fp/hard/libgcc.a
LOAD /home/daniil/.eclipse/com.st.stm32cube.ide.mcu.rcp.product_1.5.1_1935173079_linux_gtk_x86_64/plugins/com.st.stm32cube.ide.mcu.externaltools.gnu-tools-for-stm32.9-2020-q2-update.linux64_1.5.0.202011040924/tools/bin/../lib/gcc/arm-none-eabi/9.3.1/../../../../arm-none-eabi/lib/thumb/v7e-m+fp/hard/libc_nano.a
LOAD /home/daniil/.eclipse/com.st.stm32cube.ide.mcu.rcp.product_1.5.1_1935173079_linux_gtk_x86_64/plugins/com.st.stm32cube.ide.mcu.externaltools.gnu-tools-for-stm32.9-2020-q2-update.linux64_1.5.0.202011040924/tools/bin/../lib/gcc/arm-none-eabi/9.3.1/../../../../arm-none-eabi/lib/thumb/v7e-m+fp/hard/libnosys.a
END GROUP
START GROUP
LOAD /home/daniil/.eclipse/com.st.stm32cube.ide.mcu.rcp.product_1.5.1_1935173079_linux_gtk_x86_64/plugins/com.st.stm32cube.ide.mcu.externaltools.gnu-tools-for-stm32.9-2020-q2-update.linux64_1.5.0.202011040924/tools/bin/../lib/gcc/arm-none-eabi/9.3.1/thumb/v7e-m+fp/hard/libgcc.a
LOAD /home/daniil/.eclipse/com.st.stm32cube.ide.mcu.rcp.product_1.5.1_1935173079_linux_gtk_x86_64/plugins/com.st.stm32cube.ide.mcu.externaltools.gnu-tools-for-stm32.9-2020-q2-update.linux64_1.5.0.202011040924/tools/bin/../lib/gcc/arm-none-eabi/9.3.1/../../../../arm-none-eabi/lib/thumb/v7e-m+fp/hard/libc_nano.a
LOAD /home/daniil/.eclipse/com.st.stm32cube.ide.mcu.rcp.product_1.5.1_1935173079_linux_gtk_x86_64/plugins/com.st.stm32cube.ide.mcu.externaltools.gnu-tools-for-stm32.9-2020-q2-update.linux64_1.5.0.202011040924/tools/bin/../lib/gcc/arm-none-eabi/9.3.1/../../../../arm-none-eabi/lib/thumb/v7e-m+fp/hard/libnosys.a
END GROUP
LOAD /home/daniil/.eclipse/com.st.stm32cube.ide.mcu.rcp.product_1.5.1_1935173079_linux_gtk_x86_64/plugins/com.st.stm32cube.ide.mcu.externaltools.gnu-tools-for-stm32.9-2020-q2-update.linux64_1.5.0.202011040924/tools/bin/../lib/gcc/arm-none-eabi/9.3.1/thumb/v7e-m+fp/hard/crtend.o
LOAD /home/daniil/.eclipse/com.st.stm32cube.ide.mcu.rcp.product_1.5.1_1935173079_linux_gtk_x86_64/plugins/com.st.stm32cube.ide.mcu.externaltools.gnu-tools-for-stm32.9-2020-q2-update.linux64_1.5.0.202011040924/tools/bin/../lib/gcc/arm-none-eabi/9.3.1/thumb/v7e-m+fp/hard/crtn.o
                0x0000000020018000                _estack = (ORIGIN (RAM) + LENGTH (RAM))
                0x0000000000000200                _Min_Heap_Size = 0x200
                0x0000000000000400                _Min_Stack_Size = 0x400

.isr_vector     0x0000000008000000      0x194
                0x0000000008000000                . = ALIGN (0x4)
 *(.isr_vector)
 .isr_vector    0x0000000008000000      0x194 Core/Startup/startup_stm32f401retx.o
                0x0000000008000000                g_pfnVectors
                0x0000000008000194                . = ALIGN (0x4)

.text           0x00000000080001a0     0x41e0
                0x00000000080001a0                . = ALIGN (0x4)
 *(.text)
 .text          0x00000000080001a0       0x40 /home/daniil/.eclipse/com.st.stm32cube.ide.mcu.rcp.product_1.5.1_1935173079_linux_gtk_x86_64/plugins/com.st.stm32cube.ide.mcu.externaltools.gnu-tools-for-stm32.9-2020-q2-update.linux64_1.5.0.202011040924/tools/bin/../lib/gcc/arm-none-eabi/9.3.1/thumb/v7e-m+fp/hard/crtbegin.o
 .text          0x00000000080001e0       0xa0 /home/daniil/.eclipse/com.st.stm32cube.ide.mcu.rcp.product_1.5.1_1935173079_linux_gtk_x86_64/plugins/com.st.stm32cube.ide.mcu.externaltools.gnu-tools-for-stm32.9-2020-q2-update.linux64_1.5.0.202011040924/tools/bin/../lib/gcc/arm-none-eabi/9.3.1/../../../../arm-none-eabi/lib/thumb/v7e-m+fp/hard/libc_nano.a(lib_a-memchr.o)
                0x00000000080001e0                memchr
 .text          0x0000000008000280      0x254 /home/daniil/.eclipse/com.st.stm32cube.ide.mcu.rcp.product_1.5.1_1935173079_linux_gtk_x86_64/plugins/com.st.stm32cube.ide.mcu.externaltools.gnu-tools-for-stm32.9-2020-q2-update.linux64_1.5.0.202011040924/tools/bin/../lib/gcc/arm-none-eabi/9.3.1/thumb/v7e-m+fp/hard/libgcc.a(_arm_muldf3.o)
                0x0000000008000280                __aeabi_dmul
                0x0000000008000280                __muldf3
 .text          0x00000000080004d4      0x378 /home/daniil/.eclipse/com.st.stm32cube.ide.mcu.rcp.product_1.5.1_1935173079_linux_gtk_x86_64/plugins/com.st.stm32cube.ide.mcu.externaltools.gnu-tools-for-stm32.9-2020-q2-update.linux64_1.5.0.202011040924/tools/bin/../lib/gcc/arm-none-eabi/9.3.1/thumb/v7e-m+fp/hard/libgcc.a(_arm_addsubdf3.o)
                0x00000000080004d4                __aeabi_drsub
                0x00000000080004dc                __aeabi_dsub
                0x00000000080004dc                __subdf3
                0x00000000080004e0                __adddf3
                0x00000000080004e0                __aeabi_dadd
                0x0000000008000758                __aeabi_ui2d
                0x0000000008000758                __floatunsidf
                0x0000000008000778                __floatsidf
                0x0000000008000778                __aeabi_i2d
                0x000000000800079c                __extendsfdf2
                0x000000000800079c                __aeabi_f2d
                0x00000000080007e0                __aeabi_ul2d
                0x00000000080007e0                __floatundidf
                0x00000000080007f0                __floatdidf
                0x00000000080007f0                __aeabi_l2d
 .text          0x000000000800084c       0xa0 /home/daniil/.eclipse/com.st.stm32cube.ide.mcu.rcp.product_1.5.1_1935173079_linux_gtk_x86_64/plugins/com.st.stm32cube.ide.mcu.externaltools.gnu-tools-for-stm32.9-2020-q2-update.linux64_1.5.0.202011040924/tools/bin/../lib/gcc/arm-none-eabi/9.3.1/thumb/v7e-m+fp/hard/libgcc.a(_arm_truncdfsf2.o)
                0x000000000800084c                __aeabi_d2f
                0x000000000800084c                __truncdfsf2
 .text          0x00000000080008ec       0x30 /home/daniil/.eclipse/com.st.stm32cube.ide.mcu.rcp.product_1.5.1_1935173079_linux_gtk_x86_64/plugins/com.st.stm32cube.ide.mcu.externaltools.gnu-tools-for-stm32.9-2020-q2-update.linux64_1.5.0.202011040924/tools/bin/../lib/gcc/arm-none-eabi/9.3.1/thumb/v7e-m+fp/hard/libgcc.a(_aeabi_uldivmod.o)
                0x00000000080008ec                __aeabi_uldivmod
 .text          0x000000000800091c      0x2c4 /home/daniil/.eclipse/com.st.stm32cube.ide.mcu.rcp.product_1.5.1_1935173079_linux_gtk_x86_64/plugins/com.st.stm32cube.ide.mcu.externaltools.gnu-tools-for-stm32.9-2020-q2-update.linux64_1.5.0.202011040924/tools/bin/../lib/gcc/arm-none-eabi/9.3.1/thumb/v7e-m+fp/hard/libgcc.a(_udivmoddi4.o)
                0x000000000800091c                __udivmoddi4
 .text          0x0000000008000be0        0x4 /home/daniil/.eclipse/com.st.stm32cube.ide.mcu.rcp.product_1.5.1_1935173079_linux_gtk_x86_64/plugins/com.st.stm32cube.ide.mcu.externaltools.gnu-tools-for-stm32.9-2020-q2-update.linux64_1.5.0.202011040924/tools/bin/../lib/gcc/arm-none-eabi/9.3.1/thumb/v7e-m+fp/hard/libgcc.a(_dvmd_tls.o)
                0x0000000008000be0                __aeabi_ldiv0
                0x0000000008000be0                __aeabi_idiv0
 *(.text*)
 .text.serial_print
                0x0000000008000be4       0x44 Core/Src/main.o
                0x0000000008000be4                serial_print
 .text.rotare   0x0000000008000c28       0xa4 Core/Src/main.o
                0x0000000008000c28                rotare
 *fill*         0x0000000008000ccc        0x4 
 .text.main     0x0000000008000cd0      0x1c4 Core/Src/main.o
                0x0000000008000cd0                main
 .text.SystemClock_Config
                0x0000000008000e94       0xc0 Core/Src/main.o
                0x0000000008000e94                SystemClock_Config
 .text.MX_TIM1_Init
                0x0000000008000f54      0x158 Core/Src/main.o
 .text.MX_TIM2_Init
                0x00000000080010ac       0x98 Core/Src/main.o
 .text.MX_TIM4_Init
                0x0000000008001144       0xa8 Core/Src/main.o
 .text.MX_USART2_UART_Init
                0x00000000080011ec       0x54 Core/Src/main.o
 .text.MX_GPIO_Init
                0x0000000008001240       0x88 Core/Src/main.o
 .text.Error_Handler
                0x00000000080012c8        0xa Core/Src/main.o
                0x00000000080012c8                Error_Handler
 *fill*         0x00000000080012d2        0x2 
 .text.HAL_MspInit
                0x00000000080012d4       0x50 Core/Src/stm32f4xx_hal_msp.o
                0x00000000080012d4                HAL_MspInit
 .text.HAL_TIM_Base_MspInit
                0x0000000008001324       0x6c Core/Src/stm32f4xx_hal_msp.o
                0x0000000008001324                HAL_TIM_Base_MspInit
 .text.HAL_TIM_Encoder_MspInit
                0x0000000008001390       0x90 Core/Src/stm32f4xx_hal_msp.o
                0x0000000008001390                HAL_TIM_Encoder_MspInit
 .text.HAL_TIM_MspPostInit
                0x0000000008001420       0x74 Core/Src/stm32f4xx_hal_msp.o
                0x0000000008001420                HAL_TIM_MspPostInit
 .text.HAL_UART_MspInit
                0x0000000008001494       0x90 Core/Src/stm32f4xx_hal_msp.o
                0x0000000008001494                HAL_UART_MspInit
 .text.NMI_Handler
                0x0000000008001524        0x6 Core/Src/stm32f4xx_it.o
                0x0000000008001524                NMI_Handler
 .text.HardFault_Handler
                0x000000000800152a        0x6 Core/Src/stm32f4xx_it.o
                0x000000000800152a                HardFault_Handler
 .text.MemManage_Handler
                0x0000000008001530        0x6 Core/Src/stm32f4xx_it.o
                0x0000000008001530                MemManage_Handler
 .text.BusFault_Handler
                0x0000000008001536        0x6 Core/Src/stm32f4xx_it.o
                0x0000000008001536                BusFault_Handler
 .text.UsageFault_Handler
                0x000000000800153c        0x6 Core/Src/stm32f4xx_it.o
                0x000000000800153c                UsageFault_Handler
 .text.SVC_Handler
                0x0000000008001542        0xe Core/Src/stm32f4xx_it.o
                0x0000000008001542                SVC_Handler
 .text.DebugMon_Handler
                0x0000000008001550        0xe Core/Src/stm32f4xx_it.o
                0x0000000008001550                DebugMon_Handler
 .text.PendSV_Handler
                0x000000000800155e        0xe Core/Src/stm32f4xx_it.o
                0x000000000800155e                PendSV_Handler
 .text.SysTick_Handler
                0x000000000800156c        0xc Core/Src/stm32f4xx_it.o
                0x000000000800156c                SysTick_Handler
 .text._sbrk    0x0000000008001578       0x6c Core/Src/sysmem.o
                0x0000000008001578                _sbrk
 .text.SystemInit
                0x00000000080015e4       0x24 Core/Src/system_stm32f4xx.o
                0x00000000080015e4                SystemInit
 .text.Reset_Handler
                0x0000000008001608       0x50 Core/Startup/startup_stm32f401retx.o
                0x0000000008001608                Reset_Handler
 .text.Default_Handler
                0x0000000008001658        0x2 Core/Startup/startup_stm32f401retx.o
                0x0000000008001658                RTC_Alarm_IRQHandler
                0x0000000008001658                EXTI2_IRQHandler
                0x0000000008001658                SPI4_IRQHandler
                0x0000000008001658                TIM1_CC_IRQHandler
                0x0000000008001658                DMA2_Stream5_IRQHandler
                0x0000000008001658                DMA1_Stream5_IRQHandler
                0x0000000008001658                PVD_IRQHandler
                0x0000000008001658                SDIO_IRQHandler
                0x0000000008001658                TAMP_STAMP_IRQHandler
                0x0000000008001658                EXTI3_IRQHandler
                0x0000000008001658                TIM1_UP_TIM10_IRQHandler
                0x0000000008001658                I2C3_ER_IRQHandler
                0x0000000008001658                EXTI0_IRQHandler
                0x0000000008001658                I2C2_EV_IRQHandler
                0x0000000008001658                DMA1_Stream2_IRQHandler
                0x0000000008001658                FPU_IRQHandler
                0x0000000008001658                DMA2_Stream2_IRQHandler
                0x0000000008001658                SPI1_IRQHandler
                0x0000000008001658                TIM1_BRK_TIM9_IRQHandler
                0x0000000008001658                DMA2_Stream3_IRQHandler
                0x0000000008001658                USART6_IRQHandler
                0x0000000008001658                DMA2_Stream0_IRQHandler
                0x0000000008001658                TIM4_IRQHandler
                0x0000000008001658                I2C1_EV_IRQHandler
                0x0000000008001658                DMA1_Stream6_IRQHandler
                0x0000000008001658                DMA1_Stream1_IRQHandler
                0x0000000008001658                TIM3_IRQHandler
                0x0000000008001658                RCC_IRQHandler
                0x0000000008001658                Default_Handler
                0x0000000008001658                EXTI15_10_IRQHandler
                0x0000000008001658                ADC_IRQHandler
                0x0000000008001658                DMA1_Stream7_IRQHandler
                0x0000000008001658                TIM5_IRQHandler
                0x0000000008001658                DMA2_Stream7_IRQHandler
                0x0000000008001658                I2C3_EV_IRQHandler
                0x0000000008001658                EXTI9_5_IRQHandler
                0x0000000008001658                RTC_WKUP_IRQHandler
                0x0000000008001658                SPI2_IRQHandler
                0x0000000008001658                DMA1_Stream0_IRQHandler
                0x0000000008001658                EXTI4_IRQHandler
                0x0000000008001658                WWDG_IRQHandler
                0x0000000008001658                TIM2_IRQHandler
                0x0000000008001658                OTG_FS_WKUP_IRQHandler
                0x0000000008001658                TIM1_TRG_COM_TIM11_IRQHandler
                0x0000000008001658                EXTI1_IRQHandler
                0x0000000008001658                USART2_IRQHandler
                0x0000000008001658                I2C2_ER_IRQHandler
                0x0000000008001658                DMA2_Stream1_IRQHandler
                0x0000000008001658                FLASH_IRQHandler
                0x0000000008001658                DMA2_Stream4_IRQHandler
                0x0000000008001658                USART1_IRQHandler
                0x0000000008001658                OTG_FS_IRQHandler
                0x0000000008001658                SPI3_IRQHandler
                0x0000000008001658                DMA1_Stream4_IRQHandler
                0x0000000008001658                I2C1_ER_IRQHandler
                0x0000000008001658                DMA2_Stream6_IRQHandler
                0x0000000008001658                DMA1_Stream3_IRQHandler
 *fill*         0x000000000800165a        0x2 
 .text.HAL_Init
                0x000000000800165c       0x44 Drivers/STM32F4xx_HAL_Driver/Src/stm32f4xx_hal.o
                0x000000000800165c                HAL_Init
 .text.HAL_InitTick
                0x00000000080016a0       0x60 Drivers/STM32F4xx_HAL_Driver/Src/stm32f4xx_hal.o
                0x00000000080016a0                HAL_InitTick
 .text.HAL_IncTick
                0x0000000008001700       0x28 Drivers/STM32F4xx_HAL_Driver/Src/stm32f4xx_hal.o
                0x0000000008001700                HAL_IncTick
 .text.HAL_GetTick
                0x0000000008001728       0x18 Drivers/STM32F4xx_HAL_Driver/Src/stm32f4xx_hal.o
                0x0000000008001728                HAL_GetTick
 .text.__NVIC_SetPriorityGrouping
                0x0000000008001740       0x48 Drivers/STM32F4xx_HAL_Driver/Src/stm32f4xx_hal_cortex.o
 .text.__NVIC_GetPriorityGrouping
                0x0000000008001788       0x1c Drivers/STM32F4xx_HAL_Driver/Src/stm32f4xx_hal_cortex.o
 .text.__NVIC_SetPriority
                0x00000000080017a4       0x54 Drivers/STM32F4xx_HAL_Driver/Src/stm32f4xx_hal_cortex.o
 .text.NVIC_EncodePriority
                0x00000000080017f8       0x66 Drivers/STM32F4xx_HAL_Driver/Src/stm32f4xx_hal_cortex.o
 *fill*         0x000000000800185e        0x2 
 .text.SysTick_Config
                0x0000000008001860       0x44 Drivers/STM32F4xx_HAL_Driver/Src/stm32f4xx_hal_cortex.o
 .text.HAL_NVIC_SetPriorityGrouping
                0x00000000080018a4       0x16 Drivers/STM32F4xx_HAL_Driver/Src/stm32f4xx_hal_cortex.o
                0x00000000080018a4                HAL_NVIC_SetPriorityGrouping
 .text.HAL_NVIC_SetPriority
                0x00000000080018ba       0x38 Drivers/STM32F4xx_HAL_Driver/Src/stm32f4xx_hal_cortex.o
                0x00000000080018ba                HAL_NVIC_SetPriority
 .text.HAL_SYSTICK_Config
                0x00000000080018f2       0x18 Drivers/STM32F4xx_HAL_Driver/Src/stm32f4xx_hal_cortex.o
                0x00000000080018f2                HAL_SYSTICK_Config
 *fill*         0x000000000800190a        0x2 
 .text.HAL_GPIO_Init
                0x000000000800190c      0x308 Drivers/STM32F4xx_HAL_Driver/Src/stm32f4xx_hal_gpio.o
                0x000000000800190c                HAL_GPIO_Init
 .text.HAL_GPIO_WritePin
                0x0000000008001c14       0x32 Drivers/STM32F4xx_HAL_Driver/Src/stm32f4xx_hal_gpio.o
                0x0000000008001c14                HAL_GPIO_WritePin
 *fill*         0x0000000008001c46        0x2 
 .text.HAL_RCC_OscConfig
                0x0000000008001c48      0x4f0 Drivers/STM32F4xx_HAL_Driver/Src/stm32f4xx_hal_rcc.o
                0x0000000008001c48                HAL_RCC_OscConfig
 .text.HAL_RCC_ClockConfig
                0x0000000008002138      0x1cc Drivers/STM32F4xx_HAL_Driver/Src/stm32f4xx_hal_rcc.o
                0x0000000008002138                HAL_RCC_ClockConfig
 .text.HAL_RCC_GetSysClockFreq
                0x0000000008002304      0x16c Drivers/STM32F4xx_HAL_Driver/Src/stm32f4xx_hal_rcc.o
                0x0000000008002304                HAL_RCC_GetSysClockFreq
 .text.HAL_RCC_GetHCLKFreq
                0x0000000008002470       0x18 Drivers/STM32F4xx_HAL_Driver/Src/stm32f4xx_hal_rcc.o
                0x0000000008002470                HAL_RCC_GetHCLKFreq
 .text.HAL_RCC_GetPCLK1Freq
                0x0000000008002488       0x28 Drivers/STM32F4xx_HAL_Driver/Src/stm32f4xx_hal_rcc.o
                0x0000000008002488                HAL_RCC_GetPCLK1Freq
 .text.HAL_RCC_GetPCLK2Freq
                0x00000000080024b0       0x28 Drivers/STM32F4xx_HAL_Driver/Src/stm32f4xx_hal_rcc.o
                0x00000000080024b0                HAL_RCC_GetPCLK2Freq
 .text.HAL_TIM_Base_Init
                0x00000000080024d8       0x9e Drivers/STM32F4xx_HAL_Driver/Src/stm32f4xx_hal_tim.o
                0x00000000080024d8                HAL_TIM_Base_Init
 *fill*         0x0000000008002576        0x2 
 .text.HAL_TIM_Base_Start
                0x0000000008002578       0xb4 Drivers/STM32F4xx_HAL_Driver/Src/stm32f4xx_hal_tim.o
                0x0000000008002578                HAL_TIM_Base_Start
 .text.HAL_TIM_PWM_Init
                0x000000000800262c       0x9e Drivers/STM32F4xx_HAL_Driver/Src/stm32f4xx_hal_tim.o
                0x000000000800262c                HAL_TIM_PWM_Init
 .text.HAL_TIM_PWM_MspInit
                0x00000000080026ca       0x14 Drivers/STM32F4xx_HAL_Driver/Src/stm32f4xx_hal_tim.o
                0x00000000080026ca                HAL_TIM_PWM_MspInit
 *fill*         0x00000000080026de        0x2 
 .text.HAL_TIM_PWM_Start
                0x00000000080026e0      0x160 Drivers/STM32F4xx_HAL_Driver/Src/stm32f4xx_hal_tim.o
                0x00000000080026e0                HAL_TIM_PWM_Start
 .text.HAL_TIM_Encoder_Init
                0x0000000008002840      0x14c Drivers/STM32F4xx_HAL_Driver/Src/stm32f4xx_hal_tim.o
                0x0000000008002840                HAL_TIM_Encoder_Init
 .text.HAL_TIM_Encoder_Start
                0x000000000800298c      0x11c Drivers/STM32F4xx_HAL_Driver/Src/stm32f4xx_hal_tim.o
                0x000000000800298c                HAL_TIM_Encoder_Start
 .text.HAL_TIM_PWM_ConfigChannel
                0x0000000008002aa8      0x17c Drivers/STM32F4xx_HAL_Driver/Src/stm32f4xx_hal_tim.o
                0x0000000008002aa8                HAL_TIM_PWM_ConfigChannel
 .text.HAL_TIM_ConfigClockSource
                0x0000000008002c24      0x188 Drivers/STM32F4xx_HAL_Driver/Src/stm32f4xx_hal_tim.o
                0x0000000008002c24                HAL_TIM_ConfigClockSource
 .text.TIM_Base_SetConfig
                0x0000000008002dac      0x100 Drivers/STM32F4xx_HAL_Driver/Src/stm32f4xx_hal_tim.o
                0x0000000008002dac                TIM_Base_SetConfig
 .text.TIM_OC1_SetConfig
                0x0000000008002eac       0xcc Drivers/STM32F4xx_HAL_Driver/Src/stm32f4xx_hal_tim.o
 .text.TIM_OC2_SetConfig
                0x0000000008002f78       0xd8 Drivers/STM32F4xx_HAL_Driver/Src/stm32f4xx_hal_tim.o
                0x0000000008002f78                TIM_OC2_SetConfig
 .text.TIM_OC3_SetConfig
                0x0000000008003050       0xd4 Drivers/STM32F4xx_HAL_Driver/Src/stm32f4xx_hal_tim.o
 .text.TIM_OC4_SetConfig
                0x0000000008003124       0xa0 Drivers/STM32F4xx_HAL_Driver/Src/stm32f4xx_hal_tim.o
 .text.TIM_TI1_ConfigInputStage
                0x00000000080031c4       0x5e Drivers/STM32F4xx_HAL_Driver/Src/stm32f4xx_hal_tim.o
 .text.TIM_TI2_ConfigInputStage
                0x0000000008003222       0x60 Drivers/STM32F4xx_HAL_Driver/Src/stm32f4xx_hal_tim.o
 .text.TIM_ITRx_SetConfig
                0x0000000008003282       0x36 Drivers/STM32F4xx_HAL_Driver/Src/stm32f4xx_hal_tim.o
 .text.TIM_ETR_SetConfig
                0x00000000080032b8       0x40 Drivers/STM32F4xx_HAL_Driver/Src/stm32f4xx_hal_tim.o
                0x00000000080032b8                TIM_ETR_SetConfig
 .text.TIM_CCxChannelCmd
                0x00000000080032f8       0x4a Drivers/STM32F4xx_HAL_Driver/Src/stm32f4xx_hal_tim.o
                0x00000000080032f8                TIM_CCxChannelCmd
 *fill*         0x0000000008003342        0x2 
 .text.HAL_TIMEx_MasterConfigSynchronization
                0x0000000008003344       0xdc Drivers/STM32F4xx_HAL_Driver/Src/stm32f4xx_hal_tim_ex.o
                0x0000000008003344                HAL_TIMEx_MasterConfigSynchronization
 .text.HAL_TIMEx_ConfigBreakDeadTime
                0x0000000008003420       0xa4 Drivers/STM32F4xx_HAL_Driver/Src/stm32f4xx_hal_tim_ex.o
                0x0000000008003420                HAL_TIMEx_ConfigBreakDeadTime
 .text.HAL_UART_Init
                0x00000000080034c4       0x9a Drivers/STM32F4xx_HAL_Driver/Src/stm32f4xx_hal_uart.o
                0x00000000080034c4                HAL_UART_Init
 .text.HAL_UART_Transmit
                0x000000000800355e      0x124 Drivers/STM32F4xx_HAL_Driver/Src/stm32f4xx_hal_uart.o
                0x000000000800355e                HAL_UART_Transmit
 .text.UART_WaitOnFlagUntilTimeout
                0x0000000008003682       0x94 Drivers/STM32F4xx_HAL_Driver/Src/stm32f4xx_hal_uart.o
 *fill*         0x0000000008003716        0x2 
 .text.UART_SetConfig
                0x0000000008003718      0x390 Drivers/STM32F4xx_HAL_Driver/Src/stm32f4xx_hal_uart.o
 .text.__errno  0x0000000008003aa8        0xc /home/daniil/.eclipse/com.st.stm32cube.ide.mcu.rcp.product_1.5.1_1935173079_linux_gtk_x86_64/plugins/com.st.stm32cube.ide.mcu.externaltools.gnu-tools-for-stm32.9-2020-q2-update.linux64_1.5.0.202011040924/tools/bin/../lib/gcc/arm-none-eabi/9.3.1/../../../../arm-none-eabi/lib/thumb/v7e-m+fp/hard/libc_nano.a(lib_a-errno.o)
                0x0000000008003aa8                __errno
 .text.__libc_init_array
                0x0000000008003ab4       0x48 /home/daniil/.eclipse/com.st.stm32cube.ide.mcu.rcp.product_1.5.1_1935173079_linux_gtk_x86_64/plugins/com.st.stm32cube.ide.mcu.externaltools.gnu-tools-for-stm32.9-2020-q2-update.linux64_1.5.0.202011040924/tools/bin/../lib/gcc/arm-none-eabi/9.3.1/../../../../arm-none-eabi/lib/thumb/v7e-m+fp/hard/libc_nano.a(lib_a-init.o)
                0x0000000008003ab4                __libc_init_array
 .text.memset   0x0000000008003afc       0x10 /home/daniil/.eclipse/com.st.stm32cube.ide.mcu.rcp.product_1.5.1_1935173079_linux_gtk_x86_64/plugins/com.st.stm32cube.ide.mcu.externaltools.gnu-tools-for-stm32.9-2020-q2-update.linux64_1.5.0.202011040924/tools/bin/../lib/gcc/arm-none-eabi/9.3.1/../../../../arm-none-eabi/lib/thumb/v7e-m+fp/hard/libc_nano.a(lib_a-memset.o)
                0x0000000008003afc                memset
 .text.sprintf  0x0000000008003b0c       0x40 /home/daniil/.eclipse/com.st.stm32cube.ide.mcu.rcp.product_1.5.1_1935173079_linux_gtk_x86_64/plugins/com.st.stm32cube.ide.mcu.externaltools.gnu-tools-for-stm32.9-2020-q2-update.linux64_1.5.0.202011040924/tools/bin/../lib/gcc/arm-none-eabi/9.3.1/../../../../arm-none-eabi/lib/thumb/v7e-m+fp/hard/libc_nano.a(lib_a-sprintf.o)
                0x0000000008003b0c                sprintf
                0x0000000008003b0c                siprintf
 .text.__ssputs_r
                0x0000000008003b4c       0xb6 /home/daniil/.eclipse/com.st.stm32cube.ide.mcu.rcp.product_1.5.1_1935173079_linux_gtk_x86_64/plugins/com.st.stm32cube.ide.mcu.externaltools.gnu-tools-for-stm32.9-2020-q2-update.linux64_1.5.0.202011040924/tools/bin/../lib/gcc/arm-none-eabi/9.3.1/../../../../arm-none-eabi/lib/thumb/v7e-m+fp/hard/libc_nano.a(lib_a-nano-svfprintf.o)
                0x0000000008003b4c                __ssputs_r
 *fill*         0x0000000008003c02        0x2 
 .text._svfprintf_r
                0x0000000008003c04      0x200 /home/daniil/.eclipse/com.st.stm32cube.ide.mcu.rcp.product_1.5.1_1935173079_linux_gtk_x86_64/plugins/com.st.stm32cube.ide.mcu.externaltools.gnu-tools-for-stm32.9-2020-q2-update.linux64_1.5.0.202011040924/tools/bin/../lib/gcc/arm-none-eabi/9.3.1/../../../../arm-none-eabi/lib/thumb/v7e-m+fp/hard/libc_nano.a(lib_a-nano-svfprintf.o)
                0x0000000008003c04                _svfprintf_r
                0x0000000008003c04                _svfiprintf_r
 .text._printf_common
                0x0000000008003e04       0xda /home/daniil/.eclipse/com.st.stm32cube.ide.mcu.rcp.product_1.5.1_1935173079_linux_gtk_x86_64/plugins/com.st.stm32cube.ide.mcu.externaltools.gnu-tools-for-stm32.9-2020-q2-update.linux64_1.5.0.202011040924/tools/bin/../lib/gcc/arm-none-eabi/9.3.1/../../../../arm-none-eabi/lib/thumb/v7e-m+fp/hard/libc_nano.a(lib_a-nano-vfprintf_i.o)
                0x0000000008003e04                _printf_common
 *fill*         0x0000000008003ede        0x2 
 .text._printf_i
                0x0000000008003ee0      0x24c /home/daniil/.eclipse/com.st.stm32cube.ide.mcu.rcp.product_1.5.1_1935173079_linux_gtk_x86_64/plugins/com.st.stm32cube.ide.mcu.externaltools.gnu-tools-for-stm32.9-2020-q2-update.linux64_1.5.0.202011040924/tools/bin/../lib/gcc/arm-none-eabi/9.3.1/../../../../arm-none-eabi/lib/thumb/v7e-m+fp/hard/libc_nano.a(lib_a-nano-vfprintf_i.o)
                0x0000000008003ee0                _printf_i
 .text.memcpy   0x000000000800412c       0x1c /home/daniil/.eclipse/com.st.stm32cube.ide.mcu.rcp.product_1.5.1_1935173079_linux_gtk_x86_64/plugins/com.st.stm32cube.ide.mcu.externaltools.gnu-tools-for-stm32.9-2020-q2-update.linux64_1.5.0.202011040924/tools/bin/../lib/gcc/arm-none-eabi/9.3.1/../../../../arm-none-eabi/lib/thumb/v7e-m+fp/hard/libc_nano.a(lib_a-memcpy-stub.o)
                0x000000000800412c                memcpy
 .text.memmove  0x0000000008004148       0x34 /home/daniil/.eclipse/com.st.stm32cube.ide.mcu.rcp.product_1.5.1_1935173079_linux_gtk_x86_64/plugins/com.st.stm32cube.ide.mcu.externaltools.gnu-tools-for-stm32.9-2020-q2-update.linux64_1.5.0.202011040924/tools/bin/../lib/gcc/arm-none-eabi/9.3.1/../../../../arm-none-eabi/lib/thumb/v7e-m+fp/hard/libc_nano.a(lib_a-memmove.o)
                0x0000000008004148                memmove
 .text._free_r  0x000000000800417c       0xa0 /home/daniil/.eclipse/com.st.stm32cube.ide.mcu.rcp.product_1.5.1_1935173079_linux_gtk_x86_64/plugins/com.st.stm32cube.ide.mcu.externaltools.gnu-tools-for-stm32.9-2020-q2-update.linux64_1.5.0.202011040924/tools/bin/../lib/gcc/arm-none-eabi/9.3.1/../../../../arm-none-eabi/lib/thumb/v7e-m+fp/hard/libc_nano.a(lib_a-nano-freer.o)
                0x000000000800417c                _free_r
 .text._malloc_r
                0x000000000800421c       0xb4 /home/daniil/.eclipse/com.st.stm32cube.ide.mcu.rcp.product_1.5.1_1935173079_linux_gtk_x86_64/plugins/com.st.stm32cube.ide.mcu.externaltools.gnu-tools-for-stm32.9-2020-q2-update.linux64_1.5.0.202011040924/tools/bin/../lib/gcc/arm-none-eabi/9.3.1/../../../../arm-none-eabi/lib/thumb/v7e-m+fp/hard/libc_nano.a(lib_a-nano-mallocr.o)
                0x000000000800421c                _malloc_r
 .text._realloc_r
                0x00000000080042d0       0x4c /home/daniil/.eclipse/com.st.stm32cube.ide.mcu.rcp.product_1.5.1_1935173079_linux_gtk_x86_64/plugins/com.st.stm32cube.ide.mcu.externaltools.gnu-tools-for-stm32.9-2020-q2-update.linux64_1.5.0.202011040924/tools/bin/../lib/gcc/arm-none-eabi/9.3.1/../../../../arm-none-eabi/lib/thumb/v7e-m+fp/hard/libc_nano.a(lib_a-nano-reallocr.o)
                0x00000000080042d0                _realloc_r
 .text._sbrk_r  0x000000000800431c       0x20 /home/daniil/.eclipse/com.st.stm32cube.ide.mcu.rcp.product_1.5.1_1935173079_linux_gtk_x86_64/plugins/com.st.stm32cube.ide.mcu.externaltools.gnu-tools-for-stm32.9-2020-q2-update.linux64_1.5.0.202011040924/tools/bin/../lib/gcc/arm-none-eabi/9.3.1/../../../../arm-none-eabi/lib/thumb/v7e-m+fp/hard/libc_nano.a(lib_a-sbrkr.o)
                0x000000000800431c                _sbrk_r
 .text.__malloc_lock
                0x000000000800433c        0xc /home/daniil/.eclipse/com.st.stm32cube.ide.mcu.rcp.product_1.5.1_1935173079_linux_gtk_x86_64/plugins/com.st.stm32cube.ide.mcu.externaltools.gnu-tools-for-stm32.9-2020-q2-update.linux64_1.5.0.202011040924/tools/bin/../lib/gcc/arm-none-eabi/9.3.1/../../../../arm-none-eabi/lib/thumb/v7e-m+fp/hard/libc_nano.a(lib_a-mlock.o)
                0x000000000800433c                __malloc_lock
 .text.__malloc_unlock
                0x0000000008004348        0xc /home/daniil/.eclipse/com.st.stm32cube.ide.mcu.rcp.product_1.5.1_1935173079_linux_gtk_x86_64/plugins/com.st.stm32cube.ide.mcu.externaltools.gnu-tools-for-stm32.9-2020-q2-update.linux64_1.5.0.202011040924/tools/bin/../lib/gcc/arm-none-eabi/9.3.1/../../../../arm-none-eabi/lib/thumb/v7e-m+fp/hard/libc_nano.a(lib_a-mlock.o)
                0x0000000008004348                __malloc_unlock
 .text._malloc_usable_size_r
                0x0000000008004354       0x10 /home/daniil/.eclipse/com.st.stm32cube.ide.mcu.rcp.product_1.5.1_1935173079_linux_gtk_x86_64/plugins/com.st.stm32cube.ide.mcu.externaltools.gnu-tools-for-stm32.9-2020-q2-update.linux64_1.5.0.202011040924/tools/bin/../lib/gcc/arm-none-eabi/9.3.1/../../../../arm-none-eabi/lib/thumb/v7e-m+fp/hard/libc_nano.a(lib_a-nano-msizer.o)
                0x0000000008004354                _malloc_usable_size_r
 .text.__retarget_lock_acquire_recursive
                0x0000000008004364        0x2 /home/daniil/.eclipse/com.st.stm32cube.ide.mcu.rcp.product_1.5.1_1935173079_linux_gtk_x86_64/plugins/com.st.stm32cube.ide.mcu.externaltools.gnu-tools-for-stm32.9-2020-q2-update.linux64_1.5.0.202011040924/tools/bin/../lib/gcc/arm-none-eabi/9.3.1/../../../../arm-none-eabi/lib/thumb/v7e-m+fp/hard/libc_nano.a(lib_a-lock.o)
                0x0000000008004364                __retarget_lock_acquire_recursive
 .text.__retarget_lock_release_recursive
                0x0000000008004366        0x2 /home/daniil/.eclipse/com.st.stm32cube.ide.mcu.rcp.product_1.5.1_1935173079_linux_gtk_x86_64/plugins/com.st.stm32cube.ide.mcu.externaltools.gnu-tools-for-stm32.9-2020-q2-update.linux64_1.5.0.202011040924/tools/bin/../lib/gcc/arm-none-eabi/9.3.1/../../../../arm-none-eabi/lib/thumb/v7e-m+fp/hard/libc_nano.a(lib_a-lock.o)
                0x0000000008004366                __retarget_lock_release_recursive
 *(.glue_7)
 .glue_7        0x0000000008004368        0x0 linker stubs
 *(.glue_7t)
 .glue_7t       0x0000000008004368        0x0 linker stubs
 *(.eh_frame)
 .eh_frame      0x0000000008004368        0x0 /home/daniil/.eclipse/com.st.stm32cube.ide.mcu.rcp.product_1.5.1_1935173079_linux_gtk_x86_64/plugins/com.st.stm32cube.ide.mcu.externaltools.gnu-tools-for-stm32.9-2020-q2-update.linux64_1.5.0.202011040924/tools/bin/../lib/gcc/arm-none-eabi/9.3.1/thumb/v7e-m+fp/hard/crtbegin.o
 *(.init)
 .init          0x0000000008004368        0x4 /home/daniil/.eclipse/com.st.stm32cube.ide.mcu.rcp.product_1.5.1_1935173079_linux_gtk_x86_64/plugins/com.st.stm32cube.ide.mcu.externaltools.gnu-tools-for-stm32.9-2020-q2-update.linux64_1.5.0.202011040924/tools/bin/../lib/gcc/arm-none-eabi/9.3.1/thumb/v7e-m+fp/hard/crti.o
                0x0000000008004368                _init
 .init          0x000000000800436c        0x8 /home/daniil/.eclipse/com.st.stm32cube.ide.mcu.rcp.product_1.5.1_1935173079_linux_gtk_x86_64/plugins/com.st.stm32cube.ide.mcu.externaltools.gnu-tools-for-stm32.9-2020-q2-update.linux64_1.5.0.202011040924/tools/bin/../lib/gcc/arm-none-eabi/9.3.1/thumb/v7e-m+fp/hard/crtn.o
 *(.fini)
 .fini          0x0000000008004374        0x4 /home/daniil/.eclipse/com.st.stm32cube.ide.mcu.rcp.product_1.5.1_1935173079_linux_gtk_x86_64/plugins/com.st.stm32cube.ide.mcu.externaltools.gnu-tools-for-stm32.9-2020-q2-update.linux64_1.5.0.202011040924/tools/bin/../lib/gcc/arm-none-eabi/9.3.1/thumb/v7e-m+fp/hard/crti.o
                0x0000000008004374                _fini
 .fini          0x0000000008004378        0x8 /home/daniil/.eclipse/com.st.stm32cube.ide.mcu.rcp.product_1.5.1_1935173079_linux_gtk_x86_64/plugins/com.st.stm32cube.ide.mcu.externaltools.gnu-tools-for-stm32.9-2020-q2-update.linux64_1.5.0.202011040924/tools/bin/../lib/gcc/arm-none-eabi/9.3.1/thumb/v7e-m+fp/hard/crtn.o
                0x0000000008004380                . = ALIGN (0x4)
                0x0000000008004380                _etext = .

.vfp11_veneer   0x0000000008004380        0x0
 .vfp11_veneer  0x0000000008004380        0x0 linker stubs

.v4_bx          0x0000000008004380        0x0
 .v4_bx         0x0000000008004380        0x0 linker stubs

.iplt           0x0000000008004380        0x0
 .iplt          0x0000000008004380        0x0 /home/daniil/.eclipse/com.st.stm32cube.ide.mcu.rcp.product_1.5.1_1935173079_linux_gtk_x86_64/plugins/com.st.stm32cube.ide.mcu.externaltools.gnu-tools-for-stm32.9-2020-q2-update.linux64_1.5.0.202011040924/tools/bin/../lib/gcc/arm-none-eabi/9.3.1/thumb/v7e-m+fp/hard/crtbegin.o

.rodata         0x0000000008004380       0x60
                0x0000000008004380                . = ALIGN (0x4)
 *(.rodata)
 .rodata        0x0000000008004380       0x12 Core/Src/main.o
 *(.rodata*)
 *fill*         0x0000000008004392        0x2 
 .rodata.AHBPrescTable
                0x0000000008004394       0x10 Core/Src/system_stm32f4xx.o
                0x0000000008004394                AHBPrescTable
 .rodata.APBPrescTable
                0x00000000080043a4        0x8 Core/Src/system_stm32f4xx.o
                0x00000000080043a4                APBPrescTable
 .rodata._svfprintf_r.str1.1
                0x00000000080043ac       0x11 /home/daniil/.eclipse/com.st.stm32cube.ide.mcu.rcp.product_1.5.1_1935173079_linux_gtk_x86_64/plugins/com.st.stm32cube.ide.mcu.externaltools.gnu-tools-for-stm32.9-2020-q2-update.linux64_1.5.0.202011040924/tools/bin/../lib/gcc/arm-none-eabi/9.3.1/../../../../arm-none-eabi/lib/thumb/v7e-m+fp/hard/libc_nano.a(lib_a-nano-svfprintf.o)
 .rodata._printf_i.str1.1
                0x00000000080043bd       0x22 /home/daniil/.eclipse/com.st.stm32cube.ide.mcu.rcp.product_1.5.1_1935173079_linux_gtk_x86_64/plugins/com.st.stm32cube.ide.mcu.externaltools.gnu-tools-for-stm32.9-2020-q2-update.linux64_1.5.0.202011040924/tools/bin/../lib/gcc/arm-none-eabi/9.3.1/../../../../arm-none-eabi/lib/thumb/v7e-m+fp/hard/libc_nano.a(lib_a-nano-vfprintf_i.o)
                0x00000000080043e0                . = ALIGN (0x4)
 *fill*         0x00000000080043df        0x1 

.ARM.extab      0x00000000080043e0        0x0
                0x00000000080043e0                . = ALIGN (0x4)
 *(.ARM.extab* .gnu.linkonce.armextab.*)
                0x00000000080043e0                . = ALIGN (0x4)

.ARM            0x00000000080043e0        0x8
                0x00000000080043e0                . = ALIGN (0x4)
                0x00000000080043e0                __exidx_start = .
 *(.ARM.exidx*)
 .ARM.exidx     0x00000000080043e0        0x8 /home/daniil/.eclipse/com.st.stm32cube.ide.mcu.rcp.product_1.5.1_1935173079_linux_gtk_x86_64/plugins/com.st.stm32cube.ide.mcu.externaltools.gnu-tools-for-stm32.9-2020-q2-update.linux64_1.5.0.202011040924/tools/bin/../lib/gcc/arm-none-eabi/9.3.1/thumb/v7e-m+fp/hard/libgcc.a(_udivmoddi4.o)
                0x00000000080043e8                __exidx_end = .
                0x00000000080043e8                . = ALIGN (0x4)

.rel.dyn        0x00000000080043e8        0x0
 .rel.iplt      0x00000000080043e8        0x0 /home/daniil/.eclipse/com.st.stm32cube.ide.mcu.rcp.product_1.5.1_1935173079_linux_gtk_x86_64/plugins/com.st.stm32cube.ide.mcu.externaltools.gnu-tools-for-stm32.9-2020-q2-update.linux64_1.5.0.202011040924/tools/bin/../lib/gcc/arm-none-eabi/9.3.1/thumb/v7e-m+fp/hard/crtbegin.o

.preinit_array  0x00000000080043e8        0x0
                0x00000000080043e8                . = ALIGN (0x4)
                0x00000000080043e8                PROVIDE (__preinit_array_start = .)
 *(.preinit_array*)
                0x00000000080043e8                PROVIDE (__preinit_array_end = .)
                0x00000000080043e8                . = ALIGN (0x4)

.init_array     0x00000000080043e8        0x4
                0x00000000080043e8                . = ALIGN (0x4)
                0x00000000080043e8                PROVIDE (__init_array_start = .)
 *(SORT_BY_NAME(.init_array.*))
 *(.init_array*)
 .init_array    0x00000000080043e8        0x4 /home/daniil/.eclipse/com.st.stm32cube.ide.mcu.rcp.product_1.5.1_1935173079_linux_gtk_x86_64/plugins/com.st.stm32cube.ide.mcu.externaltools.gnu-tools-for-stm32.9-2020-q2-update.linux64_1.5.0.202011040924/tools/bin/../lib/gcc/arm-none-eabi/9.3.1/thumb/v7e-m+fp/hard/crtbegin.o
                0x00000000080043ec                PROVIDE (__init_array_end = .)
                0x00000000080043ec                . = ALIGN (0x4)

.fini_array     0x00000000080043ec        0x4
                0x00000000080043ec                . = ALIGN (0x4)
                [!provide]                        PROVIDE (__fini_array_start = .)
 *(SORT_BY_NAME(.fini_array.*))
 *(.fini_array*)
 .fini_array    0x00000000080043ec        0x4 /home/daniil/.eclipse/com.st.stm32cube.ide.mcu.rcp.product_1.5.1_1935173079_linux_gtk_x86_64/plugins/com.st.stm32cube.ide.mcu.externaltools.gnu-tools-for-stm32.9-2020-q2-update.linux64_1.5.0.202011040924/tools/bin/../lib/gcc/arm-none-eabi/9.3.1/thumb/v7e-m+fp/hard/crtbegin.o
                [!provide]                        PROVIDE (__fini_array_end = .)
                0x00000000080043f0                . = ALIGN (0x4)
                0x00000000080043f0                _sidata = LOADADDR (.data)

.data           0x0000000020000000       0x70 load address 0x00000000080043f0
                0x0000000020000000                . = ALIGN (0x4)
                0x0000000020000000                _sdata = .
 *(.data)
 *(.data*)
 .data.SystemCoreClock
                0x0000000020000000        0x4 Core/Src/system_stm32f4xx.o
                0x0000000020000000                SystemCoreClock
 .data.uwTickPrio
                0x0000000020000004        0x4 Drivers/STM32F4xx_HAL_Driver/Src/stm32f4xx_hal.o
                0x0000000020000004                uwTickPrio
 .data.uwTickFreq
                0x0000000020000008        0x1 Drivers/STM32F4xx_HAL_Driver/Src/stm32f4xx_hal.o
                0x0000000020000008                uwTickFreq
 *fill*         0x0000000020000009        0x3 
 .data._impure_ptr
                0x000000002000000c        0x4 /home/daniil/.eclipse/com.st.stm32cube.ide.mcu.rcp.product_1.5.1_1935173079_linux_gtk_x86_64/plugins/com.st.stm32cube.ide.mcu.externaltools.gnu-tools-for-stm32.9-2020-q2-update.linux64_1.5.0.202011040924/tools/bin/../lib/gcc/arm-none-eabi/9.3.1/../../../../arm-none-eabi/lib/thumb/v7e-m+fp/hard/libc_nano.a(lib_a-impure.o)
                0x000000002000000c                _impure_ptr
 .data.impure_data
                0x0000000020000010       0x60 /home/daniil/.eclipse/com.st.stm32cube.ide.mcu.rcp.product_1.5.1_1935173079_linux_gtk_x86_64/plugins/com.st.stm32cube.ide.mcu.externaltools.gnu-tools-for-stm32.9-2020-q2-update.linux64_1.5.0.202011040924/tools/bin/../lib/gcc/arm-none-eabi/9.3.1/../../../../arm-none-eabi/lib/thumb/v7e-m+fp/hard/libc_nano.a(lib_a-impure.o)
 *(.RamFunc)
 *(.RamFunc*)
                0x0000000020000070                . = ALIGN (0x4)
                0x0000000020000070                _edata = .

.igot.plt       0x0000000020000070        0x0 load address 0x0000000008004460
 .igot.plt      0x0000000020000070        0x0 /home/daniil/.eclipse/com.st.stm32cube.ide.mcu.rcp.product_1.5.1_1935173079_linux_gtk_x86_64/plugins/com.st.stm32cube.ide.mcu.externaltools.gnu-tools-for-stm32.9-2020-q2-update.linux64_1.5.0.202011040924/tools/bin/../lib/gcc/arm-none-eabi/9.3.1/thumb/v7e-m+fp/hard/crtbegin.o
                0x0000000020000070                . = ALIGN (0x4)

.bss            0x0000000020000070      0x158 load address 0x0000000008004460
                0x0000000020000070                _sbss = .
                0x0000000020000070                __bss_start__ = _sbss
 *(.bss)
 .bss           0x0000000020000070       0x1c /home/daniil/.eclipse/com.st.stm32cube.ide.mcu.rcp.product_1.5.1_1935173079_linux_gtk_x86_64/plugins/com.st.stm32cube.ide.mcu.externaltools.gnu-tools-for-stm32.9-2020-q2-update.linux64_1.5.0.202011040924/tools/bin/../lib/gcc/arm-none-eabi/9.3.1/thumb/v7e-m+fp/hard/crtbegin.o
 *(.bss*)
 .bss.__sbrk_heap_end
                0x000000002000008c        0x4 Core/Src/sysmem.o
 .bss.__malloc_free_list
                0x0000000020000090        0x4 /home/daniil/.eclipse/com.st.stm32cube.ide.mcu.rcp.product_1.5.1_1935173079_linux_gtk_x86_64/plugins/com.st.stm32cube.ide.mcu.externaltools.gnu-tools-for-stm32.9-2020-q2-update.linux64_1.5.0.202011040924/tools/bin/../lib/gcc/arm-none-eabi/9.3.1/../../../../arm-none-eabi/lib/thumb/v7e-m+fp/hard/libc_nano.a(lib_a-nano-mallocr.o)
                0x0000000020000090                __malloc_free_list
 .bss.__malloc_sbrk_start
                0x0000000020000094        0x4 /home/daniil/.eclipse/com.st.stm32cube.ide.mcu.rcp.product_1.5.1_1935173079_linux_gtk_x86_64/plugins/com.st.stm32cube.ide.mcu.externaltools.gnu-tools-for-stm32.9-2020-q2-update.linux64_1.5.0.202011040924/tools/bin/../lib/gcc/arm-none-eabi/9.3.1/../../../../arm-none-eabi/lib/thumb/v7e-m+fp/hard/libc_nano.a(lib_a-nano-mallocr.o)
                0x0000000020000094                __malloc_sbrk_start
 *(COMMON)
 COMMON         0x0000000020000098      0x11c Core/Src/main.o
                0x0000000020000098                htim4
                0x00000000200000e0                htim1
                0x0000000020000128                htim2
                0x0000000020000170                huart2
 COMMON         0x00000000200001b4        0x4 Drivers/STM32F4xx_HAL_Driver/Src/stm32f4xx_hal.o
                0x00000000200001b4                uwTick
 COMMON         0x00000000200001b8        0x4 /home/daniil/.eclipse/com.st.stm32cube.ide.mcu.rcp.product_1.5.1_1935173079_linux_gtk_x86_64/plugins/com.st.stm32cube.ide.mcu.externaltools.gnu-tools-for-stm32.9-2020-q2-update.linux64_1.5.0.202011040924/tools/bin/../lib/gcc/arm-none-eabi/9.3.1/../../../../arm-none-eabi/lib/thumb/v7e-m+fp/hard/libc_nano.a(lib_a-reent.o)
                0x00000000200001b8                errno
 COMMON         0x00000000200001bc        0x9 /home/daniil/.eclipse/com.st.stm32cube.ide.mcu.rcp.product_1.5.1_1935173079_linux_gtk_x86_64/plugins/com.st.stm32cube.ide.mcu.externaltools.gnu-tools-for-stm32.9-2020-q2-update.linux64_1.5.0.202011040924/tools/bin/../lib/gcc/arm-none-eabi/9.3.1/../../../../arm-none-eabi/lib/thumb/v7e-m+fp/hard/libc_nano.a(lib_a-lock.o)
                0x00000000200001bc                __lock___atexit_recursive_mutex
                0x00000000200001bd                __lock___arc4random_mutex
                0x00000000200001be                __lock___env_recursive_mutex
                0x00000000200001bf                __lock___sinit_recursive_mutex
                0x00000000200001c0                __lock___malloc_recursive_mutex
                0x00000000200001c1                __lock___at_quick_exit_mutex
                0x00000000200001c2                __lock___dd_hash_mutex
                0x00000000200001c3                __lock___tz_mutex
                0x00000000200001c4                __lock___sfp_recursive_mutex
                0x00000000200001c8                . = ALIGN (0x4)
 *fill*         0x00000000200001c5        0x3 
                0x00000000200001c8                _ebss = .
                0x00000000200001c8                __bss_end__ = _ebss

._user_heap_stack
                0x00000000200001c8      0x600 load address 0x0000000008004460
                0x00000000200001c8                . = ALIGN (0x8)
                [!provide]                        PROVIDE (end = .)
                0x00000000200001c8                PROVIDE (_end = .)
                0x00000000200003c8                . = (. + _Min_Heap_Size)
 *fill*         0x00000000200001c8      0x200 
                0x00000000200007c8                . = (. + _Min_Stack_Size)
 *fill*         0x00000000200003c8      0x400 
                0x00000000200007c8                . = ALIGN (0x8)

/DISCARD/
 libc.a(*)
 libm.a(*)
 libgcc.a(*)

.ARM.attributes
                0x0000000000000000       0x30
 *(.ARM.attributes)
 .ARM.attributes
                0x0000000000000000       0x1e /home/daniil/.eclipse/com.st.stm32cube.ide.mcu.rcp.product_1.5.1_1935173079_linux_gtk_x86_64/plugins/com.st.stm32cube.ide.mcu.externaltools.gnu-tools-for-stm32.9-2020-q2-update.linux64_1.5.0.202011040924/tools/bin/../lib/gcc/arm-none-eabi/9.3.1/thumb/v7e-m+fp/hard/crti.o
 .ARM.attributes
                0x000000000000001e       0x34 /home/daniil/.eclipse/com.st.stm32cube.ide.mcu.rcp.product_1.5.1_1935173079_linux_gtk_x86_64/plugins/com.st.stm32cube.ide.mcu.externaltools.gnu-tools-for-stm32.9-2020-q2-update.linux64_1.5.0.202011040924/tools/bin/../lib/gcc/arm-none-eabi/9.3.1/thumb/v7e-m+fp/hard/crtbegin.o
 .ARM.attributes
                0x0000000000000052       0x34 Core/Src/main.o
 .ARM.attributes
                0x0000000000000086       0x34 Core/Src/stm32f4xx_hal_msp.o
 .ARM.attributes
                0x00000000000000ba       0x34 Core/Src/stm32f4xx_it.o
 .ARM.attributes
                0x00000000000000ee       0x34 Core/Src/sysmem.o
 .ARM.attributes
                0x0000000000000122       0x34 Core/Src/system_stm32f4xx.o
 .ARM.attributes
                0x0000000000000156       0x21 Core/Startup/startup_stm32f401retx.o
 .ARM.attributes
                0x0000000000000177       0x34 Drivers/STM32F4xx_HAL_Driver/Src/stm32f4xx_hal.o
 .ARM.attributes
                0x00000000000001ab       0x34 Drivers/STM32F4xx_HAL_Driver/Src/stm32f4xx_hal_cortex.o
 .ARM.attributes
                0x00000000000001df       0x34 Drivers/STM32F4xx_HAL_Driver/Src/stm32f4xx_hal_gpio.o
 .ARM.attributes
                0x0000000000000213       0x34 Drivers/STM32F4xx_HAL_Driver/Src/stm32f4xx_hal_rcc.o
 .ARM.attributes
                0x0000000000000247       0x34 Drivers/STM32F4xx_HAL_Driver/Src/stm32f4xx_hal_tim.o
 .ARM.attributes
                0x000000000000027b       0x34 Drivers/STM32F4xx_HAL_Driver/Src/stm32f4xx_hal_tim_ex.o
 .ARM.attributes
                0x00000000000002af       0x34 Drivers/STM32F4xx_HAL_Driver/Src/stm32f4xx_hal_uart.o
 .ARM.attributes
                0x00000000000002e3       0x34 /home/daniil/.eclipse/com.st.stm32cube.ide.mcu.rcp.product_1.5.1_1935173079_linux_gtk_x86_64/plugins/com.st.stm32cube.ide.mcu.externaltools.gnu-tools-for-stm32.9-2020-q2-update.linux64_1.5.0.202011040924/tools/bin/../lib/gcc/arm-none-eabi/9.3.1/../../../../arm-none-eabi/lib/thumb/v7e-m+fp/hard/libc_nano.a(lib_a-errno.o)
 .ARM.attributes
                0x0000000000000317       0x32 /home/daniil/.eclipse/com.st.stm32cube.ide.mcu.rcp.product_1.5.1_1935173079_linux_gtk_x86_64/plugins/com.st.stm32cube.ide.mcu.externaltools.gnu-tools-for-stm32.9-2020-q2-update.linux64_1.5.0.202011040924/tools/bin/../lib/gcc/arm-none-eabi/9.3.1/../../../../arm-none-eabi/lib/thumb/v7e-m+fp/hard/libc_nano.a(lib_a-impure.o)
 .ARM.attributes
                0x0000000000000349       0x34 /home/daniil/.eclipse/com.st.stm32cube.ide.mcu.rcp.product_1.5.1_1935173079_linux_gtk_x86_64/plugins/com.st.stm32cube.ide.mcu.externaltools.gnu-tools-for-stm32.9-2020-q2-update.linux64_1.5.0.202011040924/tools/bin/../lib/gcc/arm-none-eabi/9.3.1/../../../../arm-none-eabi/lib/thumb/v7e-m+fp/hard/libc_nano.a(lib_a-init.o)
 .ARM.attributes
                0x000000000000037d       0x34 /home/daniil/.eclipse/com.st.stm32cube.ide.mcu.rcp.product_1.5.1_1935173079_linux_gtk_x86_64/plugins/com.st.stm32cube.ide.mcu.externaltools.gnu-tools-for-stm32.9-2020-q2-update.linux64_1.5.0.202011040924/tools/bin/../lib/gcc/arm-none-eabi/9.3.1/../../../../arm-none-eabi/lib/thumb/v7e-m+fp/hard/libc_nano.a(lib_a-memset.o)
 .ARM.attributes
                0x00000000000003b1       0x34 /home/daniil/.eclipse/com.st.stm32cube.ide.mcu.rcp.product_1.5.1_1935173079_linux_gtk_x86_64/plugins/com.st.stm32cube.ide.mcu.externaltools.gnu-tools-for-stm32.9-2020-q2-update.linux64_1.5.0.202011040924/tools/bin/../lib/gcc/arm-none-eabi/9.3.1/../../../../arm-none-eabi/lib/thumb/v7e-m+fp/hard/libc_nano.a(lib_a-sprintf.o)
 .ARM.attributes
                0x00000000000003e5       0x34 /home/daniil/.eclipse/com.st.stm32cube.ide.mcu.rcp.product_1.5.1_1935173079_linux_gtk_x86_64/plugins/com.st.stm32cube.ide.mcu.externaltools.gnu-tools-for-stm32.9-2020-q2-update.linux64_1.5.0.202011040924/tools/bin/../lib/gcc/arm-none-eabi/9.3.1/../../../../arm-none-eabi/lib/thumb/v7e-m+fp/hard/libc_nano.a(lib_a-nano-svfprintf.o)
 .ARM.attributes
                0x0000000000000419       0x34 /home/daniil/.eclipse/com.st.stm32cube.ide.mcu.rcp.product_1.5.1_1935173079_linux_gtk_x86_64/plugins/com.st.stm32cube.ide.mcu.externaltools.gnu-tools-for-stm32.9-2020-q2-update.linux64_1.5.0.202011040924/tools/bin/../lib/gcc/arm-none-eabi/9.3.1/../../../../arm-none-eabi/lib/thumb/v7e-m+fp/hard/libc_nano.a(lib_a-nano-vfprintf_i.o)
 .ARM.attributes
                0x000000000000044d       0x1c /home/daniil/.eclipse/com.st.stm32cube.ide.mcu.rcp.product_1.5.1_1935173079_linux_gtk_x86_64/plugins/com.st.stm32cube.ide.mcu.externaltools.gnu-tools-for-stm32.9-2020-q2-update.linux64_1.5.0.202011040924/tools/bin/../lib/gcc/arm-none-eabi/9.3.1/../../../../arm-none-eabi/lib/thumb/v7e-m+fp/hard/libc_nano.a(lib_a-memchr.o)
 .ARM.attributes
                0x0000000000000469       0x34 /home/daniil/.eclipse/com.st.stm32cube.ide.mcu.rcp.product_1.5.1_1935173079_linux_gtk_x86_64/plugins/com.st.stm32cube.ide.mcu.externaltools.gnu-tools-for-stm32.9-2020-q2-update.linux64_1.5.0.202011040924/tools/bin/../lib/gcc/arm-none-eabi/9.3.1/../../../../arm-none-eabi/lib/thumb/v7e-m+fp/hard/libc_nano.a(lib_a-memcpy-stub.o)
 .ARM.attributes
                0x000000000000049d       0x34 /home/daniil/.eclipse/com.st.stm32cube.ide.mcu.rcp.product_1.5.1_1935173079_linux_gtk_x86_64/plugins/com.st.stm32cube.ide.mcu.externaltools.gnu-tools-for-stm32.9-2020-q2-update.linux64_1.5.0.202011040924/tools/bin/../lib/gcc/arm-none-eabi/9.3.1/../../../../arm-none-eabi/lib/thumb/v7e-m+fp/hard/libc_nano.a(lib_a-memmove.o)
 .ARM.attributes
                0x00000000000004d1       0x34 /home/daniil/.eclipse/com.st.stm32cube.ide.mcu.rcp.product_1.5.1_1935173079_linux_gtk_x86_64/plugins/com.st.stm32cube.ide.mcu.externaltools.gnu-tools-for-stm32.9-2020-q2-update.linux64_1.5.0.202011040924/tools/bin/../lib/gcc/arm-none-eabi/9.3.1/../../../../arm-none-eabi/lib/thumb/v7e-m+fp/hard/libc_nano.a(lib_a-nano-freer.o)
 .ARM.attributes
                0x0000000000000505       0x34 /home/daniil/.eclipse/com.st.stm32cube.ide.mcu.rcp.product_1.5.1_1935173079_linux_gtk_x86_64/plugins/com.st.stm32cube.ide.mcu.externaltools.gnu-tools-for-stm32.9-2020-q2-update.linux64_1.5.0.202011040924/tools/bin/../lib/gcc/arm-none-eabi/9.3.1/../../../../arm-none-eabi/lib/thumb/v7e-m+fp/hard/libc_nano.a(lib_a-nano-mallocr.o)
 .ARM.attributes
                0x0000000000000539       0x34 /home/daniil/.eclipse/com.st.stm32cube.ide.mcu.rcp.product_1.5.1_1935173079_linux_gtk_x86_64/plugins/com.st.stm32cube.ide.mcu.externaltools.gnu-tools-for-stm32.9-2020-q2-update.linux64_1.5.0.202011040924/tools/bin/../lib/gcc/arm-none-eabi/9.3.1/../../../../arm-none-eabi/lib/thumb/v7e-m+fp/hard/libc_nano.a(lib_a-nano-reallocr.o)
 .ARM.attributes
                0x000000000000056d       0x34 /home/daniil/.eclipse/com.st.stm32cube.ide.mcu.rcp.product_1.5.1_1935173079_linux_gtk_x86_64/plugins/com.st.stm32cube.ide.mcu.externaltools.gnu-tools-for-stm32.9-2020-q2-update.linux64_1.5.0.202011040924/tools/bin/../lib/gcc/arm-none-eabi/9.3.1/../../../../arm-none-eabi/lib/thumb/v7e-m+fp/hard/libc_nano.a(lib_a-sbrkr.o)
 .ARM.attributes
                0x00000000000005a1       0x34 /home/daniil/.eclipse/com.st.stm32cube.ide.mcu.rcp.product_1.5.1_1935173079_linux_gtk_x86_64/plugins/com.st.stm32cube.ide.mcu.externaltools.gnu-tools-for-stm32.9-2020-q2-update.linux64_1.5.0.202011040924/tools/bin/../lib/gcc/arm-none-eabi/9.3.1/../../../../arm-none-eabi/lib/thumb/v7e-m+fp/hard/libc_nano.a(lib_a-mlock.o)
 .ARM.attributes
                0x00000000000005d5       0x34 /home/daniil/.eclipse/com.st.stm32cube.ide.mcu.rcp.product_1.5.1_1935173079_linux_gtk_x86_64/plugins/com.st.stm32cube.ide.mcu.externaltools.gnu-tools-for-stm32.9-2020-q2-update.linux64_1.5.0.202011040924/tools/bin/../lib/gcc/arm-none-eabi/9.3.1/../../../../arm-none-eabi/lib/thumb/v7e-m+fp/hard/libc_nano.a(lib_a-nano-msizer.o)
 .ARM.attributes
                0x0000000000000609       0x34 /home/daniil/.eclipse/com.st.stm32cube.ide.mcu.rcp.product_1.5.1_1935173079_linux_gtk_x86_64/plugins/com.st.stm32cube.ide.mcu.externaltools.gnu-tools-for-stm32.9-2020-q2-update.linux64_1.5.0.202011040924/tools/bin/../lib/gcc/arm-none-eabi/9.3.1/../../../../arm-none-eabi/lib/thumb/v7e-m+fp/hard/libc_nano.a(lib_a-reent.o)
 .ARM.attributes
                0x000000000000063d       0x34 /home/daniil/.eclipse/com.st.stm32cube.ide.mcu.rcp.product_1.5.1_1935173079_linux_gtk_x86_64/plugins/com.st.stm32cube.ide.mcu.externaltools.gnu-tools-for-stm32.9-2020-q2-update.linux64_1.5.0.202011040924/tools/bin/../lib/gcc/arm-none-eabi/9.3.1/../../../../arm-none-eabi/lib/thumb/v7e-m+fp/hard/libc_nano.a(lib_a-lock.o)
 .ARM.attributes
                0x0000000000000671       0x1e /home/daniil/.eclipse/com.st.stm32cube.ide.mcu.rcp.product_1.5.1_1935173079_linux_gtk_x86_64/plugins/com.st.stm32cube.ide.mcu.externaltools.gnu-tools-for-stm32.9-2020-q2-update.linux64_1.5.0.202011040924/tools/bin/../lib/gcc/arm-none-eabi/9.3.1/thumb/v7e-m+fp/hard/libgcc.a(_arm_muldf3.o)
 .ARM.attributes
                0x000000000000068f       0x1e /home/daniil/.eclipse/com.st.stm32cube.ide.mcu.rcp.product_1.5.1_1935173079_linux_gtk_x86_64/plugins/com.st.stm32cube.ide.mcu.externaltools.gnu-tools-for-stm32.9-2020-q2-update.linux64_1.5.0.202011040924/tools/bin/../lib/gcc/arm-none-eabi/9.3.1/thumb/v7e-m+fp/hard/libgcc.a(_arm_addsubdf3.o)
 .ARM.attributes
                0x00000000000006ad       0x1e /home/daniil/.eclipse/com.st.stm32cube.ide.mcu.rcp.product_1.5.1_1935173079_linux_gtk_x86_64/plugins/com.st.stm32cube.ide.mcu.externaltools.gnu-tools-for-stm32.9-2020-q2-update.linux64_1.5.0.202011040924/tools/bin/../lib/gcc/arm-none-eabi/9.3.1/thumb/v7e-m+fp/hard/libgcc.a(_arm_truncdfsf2.o)
 .ARM.attributes
                0x00000000000006cb       0x1e /home/daniil/.eclipse/com.st.stm32cube.ide.mcu.rcp.product_1.5.1_1935173079_linux_gtk_x86_64/plugins/com.st.stm32cube.ide.mcu.externaltools.gnu-tools-for-stm32.9-2020-q2-update.linux64_1.5.0.202011040924/tools/bin/../lib/gcc/arm-none-eabi/9.3.1/thumb/v7e-m+fp/hard/libgcc.a(_aeabi_uldivmod.o)
 .ARM.attributes
                0x00000000000006e9       0x34 /home/daniil/.eclipse/com.st.stm32cube.ide.mcu.rcp.product_1.5.1_1935173079_linux_gtk_x86_64/plugins/com.st.stm32cube.ide.mcu.externaltools.gnu-tools-for-stm32.9-2020-q2-update.linux64_1.5.0.202011040924/tools/bin/../lib/gcc/arm-none-eabi/9.3.1/thumb/v7e-m+fp/hard/libgcc.a(_udivmoddi4.o)
 .ARM.attributes
                0x000000000000071d       0x1e /home/daniil/.eclipse/com.st.stm32cube.ide.mcu.rcp.product_1.5.1_1935173079_linux_gtk_x86_64/plugins/com.st.stm32cube.ide.mcu.externaltools.gnu-tools-for-stm32.9-2020-q2-update.linux64_1.5.0.202011040924/tools/bin/../lib/gcc/arm-none-eabi/9.3.1/thumb/v7e-m+fp/hard/libgcc.a(_dvmd_tls.o)
 .ARM.attributes
                0x000000000000073b       0x1e /home/daniil/.eclipse/com.st.stm32cube.ide.mcu.rcp.product_1.5.1_1935173079_linux_gtk_x86_64/plugins/com.st.stm32cube.ide.mcu.externaltools.gnu-tools-for-stm32.9-2020-q2-update.linux64_1.5.0.202011040924/tools/bin/../lib/gcc/arm-none-eabi/9.3.1/thumb/v7e-m+fp/hard/crtn.o
OUTPUT(lab4.elf elf32-littlearm)
LOAD linker stubs
LOAD /home/daniil/.eclipse/com.st.stm32cube.ide.mcu.rcp.product_1.5.1_1935173079_linux_gtk_x86_64/plugins/com.st.stm32cube.ide.mcu.externaltools.gnu-tools-for-stm32.9-2020-q2-update.linux64_1.5.0.202011040924/tools/bin/../lib/gcc/arm-none-eabi/9.3.1/../../../../arm-none-eabi/lib/thumb/v7e-m+fp/hard/libc.a
LOAD /home/daniil/.eclipse/com.st.stm32cube.ide.mcu.rcp.product_1.5.1_1935173079_linux_gtk_x86_64/plugins/com.st.stm32cube.ide.mcu.externaltools.gnu-tools-for-stm32.9-2020-q2-update.linux64_1.5.0.202011040924/tools/bin/../lib/gcc/arm-none-eabi/9.3.1/../../../../arm-none-eabi/lib/thumb/v7e-m+fp/hard/libm.a
LOAD /home/daniil/.eclipse/com.st.stm32cube.ide.mcu.rcp.product_1.5.1_1935173079_linux_gtk_x86_64/plugins/com.st.stm32cube.ide.mcu.externaltools.gnu-tools-for-stm32.9-2020-q2-update.linux64_1.5.0.202011040924/tools/bin/../lib/gcc/arm-none-eabi/9.3.1/thumb/v7e-m+fp/hard/libgcc.a

.debug_info     0x0000000000000000     0xb440
 .debug_info    0x0000000000000000     0x139f Core/Src/main.o
 .debug_info    0x000000000000139f      0xecc Core/Src/stm32f4xx_hal_msp.o
 .debug_info    0x000000000000226b      0x222 Core/Src/stm32f4xx_it.o
 .debug_info    0x000000000000248d      0xa25 Core/Src/sysmem.o
 .debug_info    0x0000000000002eb2      0x5d0 Core/Src/system_stm32f4xx.o
 .debug_info    0x0000000000003482       0x22 Core/Startup/startup_stm32f401retx.o
 .debug_info    0x00000000000034a4      0x93d Drivers/STM32F4xx_HAL_Driver/Src/stm32f4xx_hal.o
 .debug_info    0x0000000000003de1      0xe41 Drivers/STM32F4xx_HAL_Driver/Src/stm32f4xx_hal_cortex.o
 .debug_info    0x0000000000004c22      0x862 Drivers/STM32F4xx_HAL_Driver/Src/stm32f4xx_hal_gpio.o
 .debug_info    0x0000000000005484      0x9bd Drivers/STM32F4xx_HAL_Driver/Src/stm32f4xx_hal_rcc.o
 .debug_info    0x0000000000005e41     0x2a88 Drivers/STM32F4xx_HAL_Driver/Src/stm32f4xx_hal_tim.o
 .debug_info    0x00000000000088c9     0x151a Drivers/STM32F4xx_HAL_Driver/Src/stm32f4xx_hal_tim_ex.o
 .debug_info    0x0000000000009de3     0x165d Drivers/STM32F4xx_HAL_Driver/Src/stm32f4xx_hal_uart.o

.debug_abbrev   0x0000000000000000     0x19ee
 .debug_abbrev  0x0000000000000000      0x2ab Core/Src/main.o
 .debug_abbrev  0x00000000000002ab      0x219 Core/Src/stm32f4xx_hal_msp.o
 .debug_abbrev  0x00000000000004c4       0xd2 Core/Src/stm32f4xx_it.o
 .debug_abbrev  0x0000000000000596      0x1bf Core/Src/sysmem.o
 .debug_abbrev  0x0000000000000755      0x145 Core/Src/system_stm32f4xx.o
 .debug_abbrev  0x000000000000089a       0x12 Core/Startup/startup_stm32f401retx.o
 .debug_abbrev  0x00000000000008ac      0x21e Drivers/STM32F4xx_HAL_Driver/Src/stm32f4xx_hal.o
 .debug_abbrev  0x0000000000000aca      0x33c Drivers/STM32F4xx_HAL_Driver/Src/stm32f4xx_hal_cortex.o
 .debug_abbrev  0x0000000000000e06      0x1f1 Drivers/STM32F4xx_HAL_Driver/Src/stm32f4xx_hal_gpio.o
 .debug_abbrev  0x0000000000000ff7      0x275 Drivers/STM32F4xx_HAL_Driver/Src/stm32f4xx_hal_rcc.o
 .debug_abbrev  0x000000000000126c      0x26f Drivers/STM32F4xx_HAL_Driver/Src/stm32f4xx_hal_tim.o
 .debug_abbrev  0x00000000000014db      0x277 Drivers/STM32F4xx_HAL_Driver/Src/stm32f4xx_hal_tim_ex.o
 .debug_abbrev  0x0000000000001752      0x29c Drivers/STM32F4xx_HAL_Driver/Src/stm32f4xx_hal_uart.o

.debug_aranges  0x0000000000000000      0xbb0
 .debug_aranges
                0x0000000000000000       0x68 Core/Src/main.o
 .debug_aranges
                0x0000000000000068       0x58 Core/Src/stm32f4xx_hal_msp.o
 .debug_aranges
                0x00000000000000c0       0x60 Core/Src/stm32f4xx_it.o
 .debug_aranges
                0x0000000000000120       0x20 Core/Src/sysmem.o
 .debug_aranges
                0x0000000000000140       0x28 Core/Src/system_stm32f4xx.o
 .debug_aranges
                0x0000000000000168       0x28 Core/Startup/startup_stm32f401retx.o
 .debug_aranges
                0x0000000000000190       0xf0 Drivers/STM32F4xx_HAL_Driver/Src/stm32f4xx_hal.o
 .debug_aranges
                0x0000000000000280      0x118 Drivers/STM32F4xx_HAL_Driver/Src/stm32f4xx_hal_cortex.o
 .debug_aranges
                0x0000000000000398       0x58 Drivers/STM32F4xx_HAL_Driver/Src/stm32f4xx_hal_gpio.o
 .debug_aranges
                0x00000000000003f0       0x88 Drivers/STM32F4xx_HAL_Driver/Src/stm32f4xx_hal_rcc.o
 .debug_aranges
                0x0000000000000478      0x3d0 Drivers/STM32F4xx_HAL_Driver/Src/stm32f4xx_hal_tim.o
 .debug_aranges
                0x0000000000000848      0x168 Drivers/STM32F4xx_HAL_Driver/Src/stm32f4xx_hal_tim_ex.o
 .debug_aranges
                0x00000000000009b0      0x200 Drivers/STM32F4xx_HAL_Driver/Src/stm32f4xx_hal_uart.o

.debug_ranges   0x0000000000000000      0xb18
 .debug_ranges  0x0000000000000000       0x58 Core/Src/main.o
 .debug_ranges  0x0000000000000058       0x48 Core/Src/stm32f4xx_hal_msp.o
 .debug_ranges  0x00000000000000a0       0x50 Core/Src/stm32f4xx_it.o
 .debug_ranges  0x00000000000000f0       0x10 Core/Src/sysmem.o
 .debug_ranges  0x0000000000000100       0x18 Core/Src/system_stm32f4xx.o
 .debug_ranges  0x0000000000000118       0x20 Core/Startup/startup_stm32f401retx.o
 .debug_ranges  0x0000000000000138       0xe0 Drivers/STM32F4xx_HAL_Driver/Src/stm32f4xx_hal.o
 .debug_ranges  0x0000000000000218      0x108 Drivers/STM32F4xx_HAL_Driver/Src/stm32f4xx_hal_cortex.o
 .debug_ranges  0x0000000000000320       0x48 Drivers/STM32F4xx_HAL_Driver/Src/stm32f4xx_hal_gpio.o
 .debug_ranges  0x0000000000000368       0x78 Drivers/STM32F4xx_HAL_Driver/Src/stm32f4xx_hal_rcc.o
 .debug_ranges  0x00000000000003e0      0x3c0 Drivers/STM32F4xx_HAL_Driver/Src/stm32f4xx_hal_tim.o
 .debug_ranges  0x00000000000007a0      0x158 Drivers/STM32F4xx_HAL_Driver/Src/stm32f4xx_hal_tim_ex.o
 .debug_ranges  0x00000000000008f8      0x220 Drivers/STM32F4xx_HAL_Driver/Src/stm32f4xx_hal_uart.o

.debug_macro    0x0000000000000000    0x156d0
 .debug_macro   0x0000000000000000      0x1f6 Core/Src/main.o
 .debug_macro   0x00000000000001f6      0xaa8 Core/Src/main.o
 .debug_macro   0x0000000000000c9e      0x29b Core/Src/main.o
 .debug_macro   0x0000000000000f39       0x2e Core/Src/main.o
 .debug_macro   0x0000000000000f67       0x28 Core/Src/main.o
 .debug_macro   0x0000000000000f8f       0x22 Core/Src/main.o
 .debug_macro   0x0000000000000fb1       0x8e Core/Src/main.o
 .debug_macro   0x000000000000103f       0x51 Core/Src/main.o
 .debug_macro   0x0000000000001090      0x103 Core/Src/main.o
 .debug_macro   0x0000000000001193       0x6a Core/Src/main.o
 .debug_macro   0x00000000000011fd      0x1df Core/Src/main.o
 .debug_macro   0x00000000000013dc       0x1c Core/Src/main.o
 .debug_macro   0x00000000000013f8       0x22 Core/Src/main.o
 .debug_macro   0x000000000000141a       0xdf Core/Src/main.o
 .debug_macro   0x00000000000014f9     0x102d Core/Src/main.o
 .debug_macro   0x0000000000002526      0x11f Core/Src/main.o
 .debug_macro   0x0000000000002645     0xb850 Core/Src/main.o
 .debug_macro   0x000000000000de95       0x43 Core/Src/main.o
 .debug_macro   0x000000000000ded8     0x3659 Core/Src/main.o
 .debug_macro   0x0000000000011531      0x174 Core/Src/main.o
 .debug_macro   0x00000000000116a5       0x5c Core/Src/main.o
 .debug_macro   0x0000000000011701      0x416 Core/Src/main.o
 .debug_macro   0x0000000000011b17      0x9fe Core/Src/main.o
 .debug_macro   0x0000000000012515      0x117 Core/Src/main.o
 .debug_macro   0x000000000001262c       0xf8 Core/Src/main.o
 .debug_macro   0x0000000000012724       0x82 Core/Src/main.o
 .debug_macro   0x00000000000127a6      0x15f Core/Src/main.o
 .debug_macro   0x0000000000012905      0x287 Core/Src/main.o
 .debug_macro   0x0000000000012b8c       0x5f Core/Src/main.o
 .debug_macro   0x0000000000012beb      0x236 Core/Src/main.o
 .debug_macro   0x0000000000012e21      0x132 Core/Src/main.o
 .debug_macro   0x0000000000012f53      0x264 Core/Src/main.o
 .debug_macro   0x00000000000131b7       0x2e Core/Src/main.o
 .debug_macro   0x00000000000131e5      0x11a Core/Src/main.o
 .debug_macro   0x00000000000132ff       0x85 Core/Src/main.o
 .debug_macro   0x0000000000013384       0x89 Core/Src/main.o
 .debug_macro   0x000000000001340d      0x8d1 Core/Src/main.o
 .debug_macro   0x0000000000013cde       0x47 Core/Src/main.o
 .debug_macro   0x0000000000013d25      0x295 Core/Src/main.o
 .debug_macro   0x0000000000013fba      0x126 Core/Src/main.o
 .debug_macro   0x00000000000140e0      0x1d8 Core/Src/stm32f4xx_hal_msp.o
 .debug_macro   0x00000000000142b8      0x1e2 Core/Src/stm32f4xx_it.o
 .debug_macro   0x000000000001449a       0xff Core/Src/sysmem.o
 .debug_macro   0x0000000000014599      0x23b Core/Src/sysmem.o
 .debug_macro   0x00000000000147d4      0x1ce Core/Src/system_stm32f4xx.o
 .debug_macro   0x00000000000149a2      0x22e Drivers/STM32F4xx_HAL_Driver/Src/stm32f4xx_hal.o
 .debug_macro   0x0000000000014bd0      0x1ce Drivers/STM32F4xx_HAL_Driver/Src/stm32f4xx_hal_cortex.o
 .debug_macro   0x0000000000014d9e      0x1d4 Drivers/STM32F4xx_HAL_Driver/Src/stm32f4xx_hal_gpio.o
 .debug_macro   0x0000000000014f72      0x1f2 Drivers/STM32F4xx_HAL_Driver/Src/stm32f4xx_hal_rcc.o
 .debug_macro   0x0000000000015164      0x1cf Drivers/STM32F4xx_HAL_Driver/Src/stm32f4xx_hal_tim.o
 .debug_macro   0x0000000000015333      0x1ce Drivers/STM32F4xx_HAL_Driver/Src/stm32f4xx_hal_tim_ex.o
 .debug_macro   0x0000000000015501      0x1cf Drivers/STM32F4xx_HAL_Driver/Src/stm32f4xx_hal_uart.o

.debug_line     0x0000000000000000     0xc672
 .debug_line    0x0000000000000000      0xad9 Core/Src/main.o
 .debug_line    0x0000000000000ad9      0x8cc Core/Src/stm32f4xx_hal_msp.o
 .debug_line    0x00000000000013a5      0x86d Core/Src/stm32f4xx_it.o
 .debug_line    0x0000000000001c12      0x615 Core/Src/sysmem.o
 .debug_line    0x0000000000002227      0x82c Core/Src/system_stm32f4xx.o
 .debug_line    0x0000000000002a53       0x88 Core/Startup/startup_stm32f401retx.o
 .debug_line    0x0000000000002adb      0xa92 Drivers/STM32F4xx_HAL_Driver/Src/stm32f4xx_hal.o
 .debug_line    0x000000000000356d      0xd41 Drivers/STM32F4xx_HAL_Driver/Src/stm32f4xx_hal_cortex.o
 .debug_line    0x00000000000042ae      0xbce Drivers/STM32F4xx_HAL_Driver/Src/stm32f4xx_hal_gpio.o
 .debug_line    0x0000000000004e7c      0xe0c Drivers/STM32F4xx_HAL_Driver/Src/stm32f4xx_hal_rcc.o
 .debug_line    0x0000000000005c88     0x3498 Drivers/STM32F4xx_HAL_Driver/Src/stm32f4xx_hal_tim.o
 .debug_line    0x0000000000009120     0x19fa Drivers/STM32F4xx_HAL_Driver/Src/stm32f4xx_hal_tim_ex.o
 .debug_line    0x000000000000ab1a     0x1b58 Drivers/STM32F4xx_HAL_Driver/Src/stm32f4xx_hal_uart.o

.debug_str      0x0000000000000000    0x8ad68
 .debug_str     0x0000000000000000    0x86150 Core/Src/main.o
                                      0x864bb (size before relaxing)
 .debug_str     0x0000000000086150       0xe4 Core/Src/stm32f4xx_hal_msp.o
                                      0x860d6 (size before relaxing)
 .debug_str     0x0000000000086234       0xbd Core/Src/stm32f4xx_it.o
                                      0x85828 (size before relaxing)
 .debug_str     0x00000000000862f1     0x2218 Core/Src/sysmem.o
                                       0x62c1 (size before relaxing)
 .debug_str     0x0000000000088509       0xaf Core/Src/system_stm32f4xx.o
                                      0x8591e (size before relaxing)
 .debug_str     0x00000000000885b8       0x36 Core/Startup/startup_stm32f401retx.o
                                         0x92 (size before relaxing)
 .debug_str     0x00000000000885ee      0x90f Drivers/STM32F4xx_HAL_Driver/Src/stm32f4xx_hal.o
                                      0x8629e (size before relaxing)
 .debug_str     0x0000000000088efd      0x399 Drivers/STM32F4xx_HAL_Driver/Src/stm32f4xx_hal_cortex.o
                                      0x8607b (size before relaxing)
 .debug_str     0x0000000000089296      0x15f Drivers/STM32F4xx_HAL_Driver/Src/stm32f4xx_hal_gpio.o
                                      0x85ac5 (size before relaxing)
 .debug_str     0x00000000000893f5      0x259 Drivers/STM32F4xx_HAL_Driver/Src/stm32f4xx_hal_rcc.o
                                      0x85d20 (size before relaxing)
 .debug_str     0x000000000008964e      0xcd3 Drivers/STM32F4xx_HAL_Driver/Src/stm32f4xx_hal_tim.o
                                      0x86c34 (size before relaxing)
 .debug_str     0x000000000008a321      0x45a Drivers/STM32F4xx_HAL_Driver/Src/stm32f4xx_hal_tim_ex.o
                                      0x863e5 (size before relaxing)
 .debug_str     0x000000000008a77b      0x5ed Drivers/STM32F4xx_HAL_Driver/Src/stm32f4xx_hal_uart.o
                                      0x86270 (size before relaxing)

.comment        0x0000000000000000       0x53
 .comment       0x0000000000000000       0x53 Core/Src/main.o
                                         0x54 (size before relaxing)
 .comment       0x0000000000000053       0x54 Core/Src/stm32f4xx_hal_msp.o
 .comment       0x0000000000000053       0x54 Core/Src/stm32f4xx_it.o
 .comment       0x0000000000000053       0x54 Core/Src/sysmem.o
 .comment       0x0000000000000053       0x54 Core/Src/system_stm32f4xx.o
 .comment       0x0000000000000053       0x54 Drivers/STM32F4xx_HAL_Driver/Src/stm32f4xx_hal.o
 .comment       0x0000000000000053       0x54 Drivers/STM32F4xx_HAL_Driver/Src/stm32f4xx_hal_cortex.o
 .comment       0x0000000000000053       0x54 Drivers/STM32F4xx_HAL_Driver/Src/stm32f4xx_hal_gpio.o
 .comment       0x0000000000000053       0x54 Drivers/STM32F4xx_HAL_Driver/Src/stm32f4xx_hal_rcc.o
 .comment       0x0000000000000053       0x54 Drivers/STM32F4xx_HAL_Driver/Src/stm32f4xx_hal_tim.o
 .comment       0x0000000000000053       0x54 Drivers/STM32F4xx_HAL_Driver/Src/stm32f4xx_hal_tim_ex.o
 .comment       0x0000000000000053       0x54 Drivers/STM32F4xx_HAL_Driver/Src/stm32f4xx_hal_uart.o

.debug_frame    0x0000000000000000     0x3634
 .debug_frame   0x0000000000000000      0x168 Core/Src/main.o
 .debug_frame   0x0000000000000168      0x13c Core/Src/stm32f4xx_hal_msp.o
 .debug_frame   0x00000000000002a4      0x104 Core/Src/stm32f4xx_it.o
 .debug_frame   0x00000000000003a8       0x34 Core/Src/sysmem.o
 .debug_frame   0x00000000000003dc       0x58 Core/Src/system_stm32f4xx.o
 .debug_frame   0x0000000000000434      0x374 Drivers/STM32F4xx_HAL_Driver/Src/stm32f4xx_hal.o
 .debug_frame   0x00000000000007a8      0x498 Drivers/STM32F4xx_HAL_Driver/Src/stm32f4xx_hal_cortex.o
 .debug_frame   0x0000000000000c40      0x14c Drivers/STM32F4xx_HAL_Driver/Src/stm32f4xx_hal_gpio.o
 .debug_frame   0x0000000000000d8c      0x1ec Drivers/STM32F4xx_HAL_Driver/Src/stm32f4xx_hal_rcc.o
 .debug_frame   0x0000000000000f78     0x11bc Drivers/STM32F4xx_HAL_Driver/Src/stm32f4xx_hal_tim.o
 .debug_frame   0x0000000000002134      0x638 Drivers/STM32F4xx_HAL_Driver/Src/stm32f4xx_hal_tim_ex.o
 .debug_frame   0x000000000000276c      0x924 Drivers/STM32F4xx_HAL_Driver/Src/stm32f4xx_hal_uart.o
 .debug_frame   0x0000000000003090       0x20 /home/daniil/.eclipse/com.st.stm32cube.ide.mcu.rcp.product_1.5.1_1935173079_linux_gtk_x86_64/plugins/com.st.stm32cube.ide.mcu.externaltools.gnu-tools-for-stm32.9-2020-q2-update.linux64_1.5.0.202011040924/tools/bin/../lib/gcc/arm-none-eabi/9.3.1/../../../../arm-none-eabi/lib/thumb/v7e-m+fp/hard/libc_nano.a(lib_a-errno.o)
 .debug_frame   0x00000000000030b0       0x2c /home/daniil/.eclipse/com.st.stm32cube.ide.mcu.rcp.product_1.5.1_1935173079_linux_gtk_x86_64/plugins/com.st.stm32cube.ide.mcu.externaltools.gnu-tools-for-stm32.9-2020-q2-update.linux64_1.5.0.202011040924/tools/bin/../lib/gcc/arm-none-eabi/9.3.1/../../../../arm-none-eabi/lib/thumb/v7e-m+fp/hard/libc_nano.a(lib_a-init.o)
 .debug_frame   0x00000000000030dc       0x20 /home/daniil/.eclipse/com.st.stm32cube.ide.mcu.rcp.product_1.5.1_1935173079_linux_gtk_x86_64/plugins/com.st.stm32cube.ide.mcu.externaltools.gnu-tools-for-stm32.9-2020-q2-update.linux64_1.5.0.202011040924/tools/bin/../lib/gcc/arm-none-eabi/9.3.1/../../../../arm-none-eabi/lib/thumb/v7e-m+fp/hard/libc_nano.a(lib_a-memset.o)
 .debug_frame   0x00000000000030fc       0x6c /home/daniil/.eclipse/com.st.stm32cube.ide.mcu.rcp.product_1.5.1_1935173079_linux_gtk_x86_64/plugins/com.st.stm32cube.ide.mcu.externaltools.gnu-tools-for-stm32.9-2020-q2-update.linux64_1.5.0.202011040924/tools/bin/../lib/gcc/arm-none-eabi/9.3.1/../../../../arm-none-eabi/lib/thumb/v7e-m+fp/hard/libc_nano.a(lib_a-sprintf.o)
 .debug_frame   0x0000000000003168       0x90 /home/daniil/.eclipse/com.st.stm32cube.ide.mcu.rcp.product_1.5.1_1935173079_linux_gtk_x86_64/plugins/com.st.stm32cube.ide.mcu.externaltools.gnu-tools-for-stm32.9-2020-q2-update.linux64_1.5.0.202011040924/tools/bin/../lib/gcc/arm-none-eabi/9.3.1/../../../../arm-none-eabi/lib/thumb/v7e-m+fp/hard/libc_nano.a(lib_a-nano-svfprintf.o)
 .debug_frame   0x00000000000031f8       0x60 /home/daniil/.eclipse/com.st.stm32cube.ide.mcu.rcp.product_1.5.1_1935173079_linux_gtk_x86_64/plugins/com.st.stm32cube.ide.mcu.externaltools.gnu-tools-for-stm32.9-2020-q2-update.linux64_1.5.0.202011040924/tools/bin/../lib/gcc/arm-none-eabi/9.3.1/../../../../arm-none-eabi/lib/thumb/v7e-m+fp/hard/libc_nano.a(lib_a-nano-vfprintf_i.o)
 .debug_frame   0x0000000000003258       0x28 /home/daniil/.eclipse/com.st.stm32cube.ide.mcu.rcp.product_1.5.1_1935173079_linux_gtk_x86_64/plugins/com.st.stm32cube.ide.mcu.externaltools.gnu-tools-for-stm32.9-2020-q2-update.linux64_1.5.0.202011040924/tools/bin/../lib/gcc/arm-none-eabi/9.3.1/../../../../arm-none-eabi/lib/thumb/v7e-m+fp/hard/libc_nano.a(lib_a-memcpy-stub.o)
 .debug_frame   0x0000000000003280       0x28 /home/daniil/.eclipse/com.st.stm32cube.ide.mcu.rcp.product_1.5.1_1935173079_linux_gtk_x86_64/plugins/com.st.stm32cube.ide.mcu.externaltools.gnu-tools-for-stm32.9-2020-q2-update.linux64_1.5.0.202011040924/tools/bin/../lib/gcc/arm-none-eabi/9.3.1/../../../../arm-none-eabi/lib/thumb/v7e-m+fp/hard/libc_nano.a(lib_a-memmove.o)
 .debug_frame   0x00000000000032a8       0x38 /home/daniil/.eclipse/com.st.stm32cube.ide.mcu.rcp.product_1.5.1_1935173079_linux_gtk_x86_64/plugins/com.st.stm32cube.ide.mcu.externaltools.gnu-tools-for-stm32.9-2020-q2-update.linux64_1.5.0.202011040924/tools/bin/../lib/gcc/arm-none-eabi/9.3.1/../../../../arm-none-eabi/lib/thumb/v7e-m+fp/hard/libc_nano.a(lib_a-nano-freer.o)
 .debug_frame   0x00000000000032e0       0x30 /home/daniil/.eclipse/com.st.stm32cube.ide.mcu.rcp.product_1.5.1_1935173079_linux_gtk_x86_64/plugins/com.st.stm32cube.ide.mcu.externaltools.gnu-tools-for-stm32.9-2020-q2-update.linux64_1.5.0.202011040924/tools/bin/../lib/gcc/arm-none-eabi/9.3.1/../../../../arm-none-eabi/lib/thumb/v7e-m+fp/hard/libc_nano.a(lib_a-nano-mallocr.o)
 .debug_frame   0x0000000000003310       0x3c /home/daniil/.eclipse/com.st.stm32cube.ide.mcu.rcp.product_1.5.1_1935173079_linux_gtk_x86_64/plugins/com.st.stm32cube.ide.mcu.externaltools.gnu-tools-for-stm32.9-2020-q2-update.linux64_1.5.0.202011040924/tools/bin/../lib/gcc/arm-none-eabi/9.3.1/../../../../arm-none-eabi/lib/thumb/v7e-m+fp/hard/libc_nano.a(lib_a-nano-reallocr.o)
 .debug_frame   0x000000000000334c       0x2c /home/daniil/.eclipse/com.st.stm32cube.ide.mcu.rcp.product_1.5.1_1935173079_linux_gtk_x86_64/plugins/com.st.stm32cube.ide.mcu.externaltools.gnu-tools-for-stm32.9-2020-q2-update.linux64_1.5.0.202011040924/tools/bin/../lib/gcc/arm-none-eabi/9.3.1/../../../../arm-none-eabi/lib/thumb/v7e-m+fp/hard/libc_nano.a(lib_a-sbrkr.o)
 .debug_frame   0x0000000000003378       0x30 /home/daniil/.eclipse/com.st.stm32cube.ide.mcu.rcp.product_1.5.1_1935173079_linux_gtk_x86_64/plugins/com.st.stm32cube.ide.mcu.externaltools.gnu-tools-for-stm32.9-2020-q2-update.linux64_1.5.0.202011040924/tools/bin/../lib/gcc/arm-none-eabi/9.3.1/../../../../arm-none-eabi/lib/thumb/v7e-m+fp/hard/libc_nano.a(lib_a-mlock.o)
 .debug_frame   0x00000000000033a8       0x20 /home/daniil/.eclipse/com.st.stm32cube.ide.mcu.rcp.product_1.5.1_1935173079_linux_gtk_x86_64/plugins/com.st.stm32cube.ide.mcu.externaltools.gnu-tools-for-stm32.9-2020-q2-update.linux64_1.5.0.202011040924/tools/bin/../lib/gcc/arm-none-eabi/9.3.1/../../../../arm-none-eabi/lib/thumb/v7e-m+fp/hard/libc_nano.a(lib_a-nano-msizer.o)
 .debug_frame   0x00000000000033c8       0x5c /home/daniil/.eclipse/com.st.stm32cube.ide.mcu.rcp.product_1.5.1_1935173079_linux_gtk_x86_64/plugins/com.st.stm32cube.ide.mcu.externaltools.gnu-tools-for-stm32.9-2020-q2-update.linux64_1.5.0.202011040924/tools/bin/../lib/gcc/arm-none-eabi/9.3.1/../../../../arm-none-eabi/lib/thumb/v7e-m+fp/hard/libc_nano.a(lib_a-reent.o)
 .debug_frame   0x0000000000003424       0xb0 /home/daniil/.eclipse/com.st.stm32cube.ide.mcu.rcp.product_1.5.1_1935173079_linux_gtk_x86_64/plugins/com.st.stm32cube.ide.mcu.externaltools.gnu-tools-for-stm32.9-2020-q2-update.linux64_1.5.0.202011040924/tools/bin/../lib/gcc/arm-none-eabi/9.3.1/../../../../arm-none-eabi/lib/thumb/v7e-m+fp/hard/libc_nano.a(lib_a-lock.o)
 .debug_frame   0x00000000000034d4       0x30 /home/daniil/.eclipse/com.st.stm32cube.ide.mcu.rcp.product_1.5.1_1935173079_linux_gtk_x86_64/plugins/com.st.stm32cube.ide.mcu.externaltools.gnu-tools-for-stm32.9-2020-q2-update.linux64_1.5.0.202011040924/tools/bin/../lib/gcc/arm-none-eabi/9.3.1/thumb/v7e-m+fp/hard/libgcc.a(_arm_muldf3.o)
 .debug_frame   0x0000000000003504       0xac /home/daniil/.eclipse/com.st.stm32cube.ide.mcu.rcp.product_1.5.1_1935173079_linux_gtk_x86_64/plugins/com.st.stm32cube.ide.mcu.externaltools.gnu-tools-for-stm32.9-2020-q2-update.linux64_1.5.0.202011040924/tools/bin/../lib/gcc/arm-none-eabi/9.3.1/thumb/v7e-m+fp/hard/libgcc.a(_arm_addsubdf3.o)
 .debug_frame   0x00000000000035b0       0x24 /home/daniil/.eclipse/com.st.stm32cube.ide.mcu.rcp.product_1.5.1_1935173079_linux_gtk_x86_64/plugins/com.st.stm32cube.ide.mcu.externaltools.gnu-tools-for-stm32.9-2020-q2-update.linux64_1.5.0.202011040924/tools/bin/../lib/gcc/arm-none-eabi/9.3.1/thumb/v7e-m+fp/hard/libgcc.a(_arm_truncdfsf2.o)
 .debug_frame   0x00000000000035d4       0x2c /home/daniil/.eclipse/com.st.stm32cube.ide.mcu.rcp.product_1.5.1_1935173079_linux_gtk_x86_64/plugins/com.st.stm32cube.ide.mcu.externaltools.gnu-tools-for-stm32.9-2020-q2-update.linux64_1.5.0.202011040924/tools/bin/../lib/gcc/arm-none-eabi/9.3.1/thumb/v7e-m+fp/hard/libgcc.a(_aeabi_uldivmod.o)
 .debug_frame   0x0000000000003600       0x34 /home/daniil/.eclipse/com.st.stm32cube.ide.mcu.rcp.product_1.5.1_1935173079_linux_gtk_x86_64/plugins/com.st.stm32cube.ide.mcu.externaltools.gnu-tools-for-stm32.9-2020-q2-update.linux64_1.5.0.202011040924/tools/bin/../lib/gcc/arm-none-eabi/9.3.1/thumb/v7e-m+fp/hard/libgcc.a(_udivmoddi4.o)
